192.168.218.125 - - [27/Jul/2018:21:11:29 +0300] "GET / HTTP/1.1" 200 35491 "-" "Zabbix"
192.168.218.125 - - [27/Jul/2018:21:12:28 +0300] "GET / HTTP/1.1" 200 35491 "-" "Zabbix"
192.168.218.10 - - [27/Jul/2018:21:12:37 +0300] "GET /rest/gadgets/1.0/g/com.atlassian.confluence.plugins.gadgets:gadget-search/gadgets/gadget-search.xml HTTP/1.1" 200 4676 "-" "Apache-HttpClient/4.5.3 (Java/1.8.0_102)"
192.168.218.10 - - [27/Jul/2018:21:12:37 +0300] "GET /rest/gadgets/1.0/g/messagebundle/und/gadget.common%2Cgadget.quicknav HTTP/1.1" 200 2463 "-" "Apache-HttpClient/4.5.3 (Java/1.8.0_102)"
192.168.218.10 - - [27/Jul/2018:21:12:37 +0300] "GET /rest/gadgets/1.0/g/messagebundle/ru_RU/gadget.common%2Cgadget.quicknav HTTP/1.1" 200 3791 "-" "Apache-HttpClient/4.5.3 (Java/1.8.0_102)"
192.168.217.246 - - [27/Jul/2018:21:12:41 +0300] "GET /rest/quickreload/latest/51710426?since=1532711560250&_=1532715277984 HTTP/1.1" 204 0 "http://confluence.npovs.icl.kazan.ru/pages/viewpage.action?pageId=51710426" "Mozilla/5.0 (Windows NT 6.1; Win64; x64) AppleWebKit/537.36 (KHTML, like Gecko) Chrome/67.0.3396.87 Safari/537.36"
192.168.218.125 - - [27/Jul/2018:21:13:29 +0300] "GET / HTTP/1.1" 200 35491 "-" "Zabbix"
192.168.17.55 - - [27/Jul/2018:21:13:42 +0300] "GET /rest/mywork/latest/status/notification/count?_=1532715381171 HTTP/1.1" 200 68 "http://confluence.npovs.icl.kazan.ru/pages/viewpage.action?pageId=51710130" "Mozilla/5.0 (Windows NT 6.1; Win64; x64) AppleWebKit/537.36 (KHTML, like Gecko) Chrome/67.0.3396.99 Safari/537.36"
192.168.17.55 - - [27/Jul/2018:21:13:43 +0300] "GET /rest/mywork/latest/status/notification/count?_=1532715383171 HTTP/1.1" 200 68 "http://confluence.npovs.icl.kazan.ru/pages/viewpage.action?pageId=51710130" "Mozilla/5.0 (Windows NT 6.1; Win64; x64) AppleWebKit/537.36 (KHTML, like Gecko) Chrome/67.0.3396.99 Safari/537.36"
192.168.17.55 - - [27/Jul/2018:21:13:44 +0300] "GET /rest/mywork/latest/status/notification/count?_=1532715383976 HTTP/1.1" 200 68 "http://confluence.npovs.icl.kazan.ru/pages/viewpage.action?pageId=24186760&preview=/24186760/51711509/%D0%A1%D0%BB%D1%83%D0%B6%D0%B5%D0%B1%D0%BA%D0%B0%20%D0%BD%D0%B0%20%D0%BE%D1%84%D0%BE%D1%80%D0%BC%D0%BB%D0%B5%D0%BD%D0%B8%D0%B5%20%D1%84%D0%BE%D1%80%D0%BC%D1%8B.dotx" "Mozilla/5.0 (Windows NT 6.1; Win64; x64) AppleWebKit/537.36 (KHTML, like Gecko) Chrome/67.0.3396.99 Safari/537.36"
192.168.218.125 - - [27/Jul/2018:21:14:28 +0300] "GET / HTTP/1.1" 200 35492 "-" "Zabbix"
192.168.17.55 - - [27/Jul/2018:21:15:02 +0300] "GET /rest/quickreload/latest/24186760?since=1532704502363&_=1532715461404 HTTP/1.1" 200 80 "http://confluence.npovs.icl.kazan.ru/pages/viewpage.action?pageId=24186760&preview=/24186760/51711509/%D0%A1%D0%BB%D1%83%D0%B6%D0%B5%D0%B1%D0%BA%D0%B0%20%D0%BD%D0%B0%20%D0%BE%D1%84%D0%BE%D1%80%D0%BC%D0%BB%D0%B5%D0%BD%D0%B8%D0%B5%20%D1%84%D0%BE%D1%80%D0%BC%D1%8B.dotx" "Mozilla/5.0 (Windows NT 6.1; Win64; x64) AppleWebKit/537.36 (KHTML, like Gecko) Chrome/67.0.3396.99 Safari/537.36"
192.168.217.89 - - [27/Jul/2018:21:15:22 +0300] "GET /rest/mywork/latest/status/notification/count?_=1532715409516 HTTP/1.1" 401 115 "http://confluence.npovs.icl.kazan.ru/pages/viewpage.action?pageId=51712763" "Mozilla/5.0 (Windows NT 10.0; Win64; x64) AppleWebKit/537.36 (KHTML, like Gecko) Chrome/67.0.3396.99 Safari/537.36"
192.168.218.125 - - [27/Jul/2018:21:15:30 +0300] "GET / HTTP/1.1" 200 35491 "-" "Zabbix"
192.168.218.116 - - [27/Jul/2018:21:15:35 +0300] "GET /rest/mywork/latest/status/notification/count?_=1532715440413 HTTP/1.1" 200 69 "http://confluence.npovs.icl.kazan.ru/pages/viewpage.action?pageId=51711487" "Mozilla/5.0 (Windows NT 10.0; Win64; x64) AppleWebKit/537.36 (KHTML, like Gecko) Chrome/46.0.2486.0 Safari/537.36 Edge/13.10586"
192.168.17.59 - - [27/Jul/2018:21:15:52 +0300] "GET /rest/quickreload/latest/27788681?since=1532711752533&_=1532715313669 HTTP/1.1" 204 0 "http://confluence.npovs.icl.kazan.ru/pages/viewpage.action?pageId=27788681" "Mozilla/5.0 (Windows NT 6.1; Win64; x64; rv:61.0) Gecko/20100101 Firefox/61.0"
192.168.218.125 - - [27/Jul/2018:21:16:29 +0300] "GET / HTTP/1.1" 200 35491 "-" "Zabbix"
192.168.218.125 - - [27/Jul/2018:21:17:30 +0300] "GET / HTTP/1.1" 200 35492 "-" "Zabbix"
192.168.218.10 - - [27/Jul/2018:21:17:39 +0300] "GET /rest/gadgets/1.0/g/com.atlassian.confluence.plugins.gadgets:gadget-search/gadgets/gadget-search.xml HTTP/1.1" 200 4676 "-" "Apache-HttpClient/4.5.3 (Java/1.8.0_102)"
192.168.218.10 - - [27/Jul/2018:21:17:39 +0300] "GET /rest/gadgets/1.0/g/messagebundle/und/gadget.common%2Cgadget.quicknav HTTP/1.1" 200 2463 "-" "Apache-HttpClient/4.5.3 (Java/1.8.0_102)"
192.168.218.10 - - [27/Jul/2018:21:17:39 +0300] "GET /rest/gadgets/1.0/g/messagebundle/ru_RU/gadget.common%2Cgadget.quicknav HTTP/1.1" 200 3791 "-" "Apache-HttpClient/4.5.3 (Java/1.8.0_102)"
192.168.218.13 - - [27/Jul/2018:21:17:55 +0300] "GET /rest/capabilities HTTP/1.1" 200 434 "-" "FishEye-4.0.3 (4000003)"
192.168.218.13 - - [27/Jul/2018:21:18:10 +0300] "GET /rest/capabilities/navigation?lang=ru-RU HTTP/1.1" 200 405 "-" "FishEye-4.0.3 (4000003)"
192.168.218.13 - - [27/Jul/2018:21:18:10 +0300] "GET /rest/capabilities/navigation?lang=en-GB HTTP/1.1" 200 354 "-" "FishEye-4.0.3 (4000003)"
192.168.218.125 - - [27/Jul/2018:21:18:30 +0300] "GET / HTTP/1.1" 200 35491 "-" "Zabbix"
192.168.17.55 - - [27/Jul/2018:21:18:43 +0300] "GET /rest/mywork/latest/status/notification/count?_=1532715682173 HTTP/1.1" 200 68 "http://confluence.npovs.icl.kazan.ru/pages/viewpage.action?pageId=51710130" "Mozilla/5.0 (Windows NT 6.1; Win64; x64) AppleWebKit/537.36 (KHTML, like Gecko) Chrome/67.0.3396.99 Safari/537.36"
192.168.17.55 - - [27/Jul/2018:21:18:44 +0300] "GET /rest/mywork/latest/status/notification/count?_=1532715683981 HTTP/1.1" 200 68 "http://confluence.npovs.icl.kazan.ru/pages/viewpage.action?pageId=24186760&preview=/24186760/51711509/%D0%A1%D0%BB%D1%83%D0%B6%D0%B5%D0%B1%D0%BA%D0%B0%20%D0%BD%D0%B0%20%D0%BE%D1%84%D0%BE%D1%80%D0%BC%D0%BB%D0%B5%D0%BD%D0%B8%D0%B5%20%D1%84%D0%BE%D1%80%D0%BC%D1%8B.dotx" "Mozilla/5.0 (Windows NT 6.1; Win64; x64) AppleWebKit/537.36 (KHTML, like Gecko) Chrome/67.0.3396.99 Safari/537.36"
192.168.17.55 - - [27/Jul/2018:21:18:44 +0300] "GET /rest/mywork/latest/status/notification/count?_=1532715684173 HTTP/1.1" 200 68 "http://confluence.npovs.icl.kazan.ru/pages/viewpage.action?pageId=51710130" "Mozilla/5.0 (Windows NT 6.1; Win64; x64) AppleWebKit/537.36 (KHTML, like Gecko) Chrome/67.0.3396.99 Safari/537.36"
192.168.218.116 - - [27/Jul/2018:21:19:26 +0300] "GET /rest/quickreload/latest/24188806?since=1532708365818&_=1532715671919 HTTP/1.1" 200 82 "http://confluence.npovs.icl.kazan.ru/pages/viewpage.action?pageId=24188806" "Mozilla/5.0 (Windows NT 10.0; Win64; x64) AppleWebKit/537.36 (KHTML, like Gecko) Chrome/67.0.3396.87 Safari/537.36"
192.168.218.125 - - [27/Jul/2018:21:19:30 +0300] "GET / HTTP/1.1" 200 35491 "-" "Zabbix"
192.168.217.89 - - [27/Jul/2018:21:20:22 +0300] "GET /rest/mywork/latest/status/notification/count?_=1532715709517 HTTP/1.1" 401 115 "http://confluence.npovs.icl.kazan.ru/pages/viewpage.action?pageId=51712763" "Mozilla/5.0 (Windows NT 10.0; Win64; x64) AppleWebKit/537.36 (KHTML, like Gecko) Chrome/67.0.3396.99 Safari/537.36"
192.168.218.125 - - [27/Jul/2018:21:20:31 +0300] "GET / HTTP/1.1" 200 35491 "-" "Zabbix"
192.168.218.116 - - [27/Jul/2018:21:20:35 +0300] "GET /rest/mywork/latest/status/notification/count?_=1532715740414 HTTP/1.1" 200 69 "http://confluence.npovs.icl.kazan.ru/pages/viewpage.action?pageId=51711487" "Mozilla/5.0 (Windows NT 10.0; Win64; x64) AppleWebKit/537.36 (KHTML, like Gecko) Chrome/46.0.2486.0 Safari/537.36 Edge/13.10586"
192.168.218.125 - - [27/Jul/2018:21:21:31 +0300] "GET / HTTP/1.1" 200 35491 "-" "Zabbix"
192.168.17.55 - - [27/Jul/2018:21:21:57 +0300] "GET /rest/calendar-services/1.0/calendar/export/subcalendar/private/1a52d31ae4fbc2931ffcf2eaa0b598aca4c3a7c0.ics HTTP/1.1" 200 56041 "-" "Microsoft Office/15.0 (Windows NT 6.1; Microsoft Outlook 15.0.5031; Pro)"
192.168.218.125 - - [27/Jul/2018:21:22:30 +0300] "GET / HTTP/1.1" 200 35491 "-" "Zabbix"
192.168.218.10 - - [27/Jul/2018:21:22:39 +0300] "GET /rest/gadgets/1.0/g/com.atlassian.confluence.plugins.gadgets:gadget-search/gadgets/gadget-search.xml HTTP/1.1" 200 4676 "-" "Apache-HttpClient/4.5.3 (Java/1.8.0_102)"
192.168.218.10 - - [27/Jul/2018:21:22:39 +0300] "GET /rest/gadgets/1.0/g/messagebundle/und/gadget.common%2Cgadget.quicknav HTTP/1.1" 200 2463 "-" "Apache-HttpClient/4.5.3 (Java/1.8.0_102)"
192.168.218.10 - - [27/Jul/2018:21:22:39 +0300] "GET /rest/gadgets/1.0/g/messagebundle/ru_RU/gadget.common%2Cgadget.quicknav HTTP/1.1" 200 3791 "-" "Apache-HttpClient/4.5.3 (Java/1.8.0_102)"
192.168.167.118 - - [27/Jul/2018:21:22:56 +0300] "GET /rest/quickreload/latest/38765008?since=1532712176545&_=1532715942411 HTTP/1.1" 204 0 "http://confluence.npovs.icl.kazan.ru/pages/viewpage.action?pageId=38765008" "Mozilla/5.0 (Windows NT 10.0; Win64; x64) AppleWebKit/537.36 (KHTML, like Gecko) Chrome/67.0.3396.99 Safari/537.36"
192.168.218.125 - - [27/Jul/2018:21:23:31 +0300] "GET / HTTP/1.1" 200 35491 "-" "Zabbix"
192.168.17.55 - - [27/Jul/2018:21:23:44 +0300] "GET /rest/mywork/latest/status/notification/count?_=1532715983178 HTTP/1.1" 200 68 "http://confluence.npovs.icl.kazan.ru/pages/viewpage.action?pageId=51710130" "Mozilla/5.0 (Windows NT 6.1; Win64; x64) AppleWebKit/537.36 (KHTML, like Gecko) Chrome/67.0.3396.99 Safari/537.36"
192.168.17.55 - - [27/Jul/2018:21:23:44 +0300] "GET /rest/mywork/latest/status/notification/count?_=1532715984026 HTTP/1.1" 200 68 "http://confluence.npovs.icl.kazan.ru/pages/viewpage.action?pageId=24186760&preview=/24186760/51711509/%D0%A1%D0%BB%D1%83%D0%B6%D0%B5%D0%B1%D0%BA%D0%B0%20%D0%BD%D0%B0%20%D0%BE%D1%84%D0%BE%D1%80%D0%BC%D0%BB%D0%B5%D0%BD%D0%B8%D0%B5%20%D1%84%D0%BE%D1%80%D0%BC%D1%8B.dotx" "Mozilla/5.0 (Windows NT 6.1; Win64; x64) AppleWebKit/537.36 (KHTML, like Gecko) Chrome/67.0.3396.99 Safari/537.36"
192.168.17.55 - - [27/Jul/2018:21:23:44 +0300] "GET /rest/quickreload/latest/51710130?since=1532712224142&_=1532715984178 HTTP/1.1" 204 0 "http://confluence.npovs.icl.kazan.ru/pages/viewpage.action?pageId=51710130" "Mozilla/5.0 (Windows NT 6.1; Win64; x64) AppleWebKit/537.36 (KHTML, like Gecko) Chrome/67.0.3396.99 Safari/537.36"
192.168.17.55 - - [27/Jul/2018:21:23:45 +0300] "GET /rest/mywork/latest/status/notification/count?_=1532715985177 HTTP/1.1" 200 68 "http://confluence.npovs.icl.kazan.ru/pages/viewpage.action?pageId=51710130" "Mozilla/5.0 (Windows NT 6.1; Win64; x64) AppleWebKit/537.36 (KHTML, like Gecko) Chrome/67.0.3396.99 Safari/537.36"
192.168.217.208 - - [27/Jul/2018:21:24:25 +0300] "GET /rest/quickreload/latest/51710572?since=1532708664822&_=1532715913178 HTTP/1.1" 200 82 "http://confluence.npovs.icl.kazan.ru/pages/viewpage.action?pageId=51710572" "Mozilla/5.0 (Windows NT 10.0; Win64; x64) AppleWebKit/537.36 (KHTML, like Gecko) Chrome/67.0.3396.99 Safari/537.36"
192.168.218.125 - - [27/Jul/2018:21:24:31 +0300] "GET / HTTP/1.1" 200 35491 "-" "Zabbix"
192.168.217.89 - - [27/Jul/2018:21:25:22 +0300] "GET /rest/mywork/latest/status/notification/count?_=1532716009409 HTTP/1.1" 401 115 "http://confluence.npovs.icl.kazan.ru/pages/viewpage.action?pageId=51712763" "Mozilla/5.0 (Windows NT 10.0; Win64; x64) AppleWebKit/537.36 (KHTML, like Gecko) Chrome/67.0.3396.99 Safari/537.36"
192.168.218.125 - - [27/Jul/2018:21:25:31 +0300] "GET / HTTP/1.1" 200 35491 "-" "Zabbix"
192.168.218.116 - - [27/Jul/2018:21:25:35 +0300] "GET /rest/mywork/latest/status/notification/count?_=1532716040419 HTTP/1.1" 200 69 "http://confluence.npovs.icl.kazan.ru/pages/viewpage.action?pageId=51711487" "Mozilla/5.0 (Windows NT 10.0; Win64; x64) AppleWebKit/537.36 (KHTML, like Gecko) Chrome/46.0.2486.0 Safari/537.36 Edge/13.10586"
192.168.218.125 - - [27/Jul/2018:21:26:31 +0300] "GET / HTTP/1.1" 200 35491 "-" "Zabbix"
192.168.218.125 - - [27/Jul/2018:21:27:32 +0300] "GET / HTTP/1.1" 200 35491 "-" "Zabbix"
192.168.218.13 - - [27/Jul/2018:21:28:05 +0300] "GET /rest/capabilities HTTP/1.1" 200 434 "-" "FishEye-4.0.3 (4000003)"
192.168.218.13 - - [27/Jul/2018:21:28:20 +0300] "GET /rest/capabilities/navigation?lang=ru-RU HTTP/1.1" 200 405 "-" "FishEye-4.0.3 (4000003)"
192.168.218.13 - - [27/Jul/2018:21:28:20 +0300] "GET /rest/capabilities/navigation?lang=en-GB HTTP/1.1" 200 354 "-" "FishEye-4.0.3 (4000003)"
192.168.218.125 - - [27/Jul/2018:21:28:32 +0300] "GET / HTTP/1.1" 200 35497 "-" "Zabbix"
192.168.218.10 - - [27/Jul/2018:21:28:40 +0300] "GET /rest/gadgets/1.0/g/com.atlassian.confluence.plugins.gadgets:gadget-search/gadgets/gadget-search.xml HTTP/1.1" 200 4676 "-" "Apache-HttpClient/4.5.3 (Java/1.8.0_102)"
192.168.218.10 - - [27/Jul/2018:21:28:40 +0300] "GET /rest/gadgets/1.0/g/messagebundle/und/gadget.common%2Cgadget.quicknav HTTP/1.1" 200 2463 "-" "Apache-HttpClient/4.5.3 (Java/1.8.0_102)"
192.168.218.10 - - [27/Jul/2018:21:28:40 +0300] "GET /rest/gadgets/1.0/g/messagebundle/ru_RU/gadget.common%2Cgadget.quicknav HTTP/1.1" 200 3791 "-" "Apache-HttpClient/4.5.3 (Java/1.8.0_102)"
192.168.17.55 - - [27/Jul/2018:21:28:44 +0300] "GET /rest/mywork/latest/status/notification/count?_=1532716284031 HTTP/1.1" 200 68 "http://confluence.npovs.icl.kazan.ru/pages/viewpage.action?pageId=24186760&preview=/24186760/51711509/%D0%A1%D0%BB%D1%83%D0%B6%D0%B5%D0%B1%D0%BA%D0%B0%20%D0%BD%D0%B0%20%D0%BE%D1%84%D0%BE%D1%80%D0%BC%D0%BB%D0%B5%D0%BD%D0%B8%D0%B5%20%D1%84%D0%BE%D1%80%D0%BC%D1%8B.dotx" "Mozilla/5.0 (Windows NT 6.1; Win64; x64) AppleWebKit/537.36 (KHTML, like Gecko) Chrome/67.0.3396.99 Safari/537.36"
192.168.17.55 - - [27/Jul/2018:21:28:44 +0300] "GET /rest/mywork/latest/status/notification/count?_=1532716284180 HTTP/1.1" 200 68 "http://confluence.npovs.icl.kazan.ru/pages/viewpage.action?pageId=51710130" "Mozilla/5.0 (Windows NT 6.1; Win64; x64) AppleWebKit/537.36 (KHTML, like Gecko) Chrome/67.0.3396.99 Safari/537.36"
192.168.17.55 - - [27/Jul/2018:21:28:46 +0300] "GET /rest/mywork/latest/status/notification/count?_=1532716286180 HTTP/1.1" 200 68 "http://confluence.npovs.icl.kazan.ru/pages/viewpage.action?pageId=51710130" "Mozilla/5.0 (Windows NT 6.1; Win64; x64) AppleWebKit/537.36 (KHTML, like Gecko) Chrome/67.0.3396.99 Safari/537.36"
192.168.218.125 - - [27/Jul/2018:21:29:32 +0300] "GET / HTTP/1.1" 200 35491 "-" "Zabbix"
192.168.217.89 - - [27/Jul/2018:21:30:22 +0300] "GET /rest/mywork/latest/status/notification/count?_=1532716309412 HTTP/1.1" 401 115 "http://confluence.npovs.icl.kazan.ru/pages/viewpage.action?pageId=51712763" "Mozilla/5.0 (Windows NT 10.0; Win64; x64) AppleWebKit/537.36 (KHTML, like Gecko) Chrome/67.0.3396.99 Safari/537.36"
192.168.218.125 - - [27/Jul/2018:21:30:33 +0300] "GET / HTTP/1.1" 200 35491 "-" "Zabbix"
192.168.218.116 - - [27/Jul/2018:21:30:35 +0300] "GET /rest/mywork/latest/status/notification/count?_=1532716340410 HTTP/1.1" 200 69 "http://confluence.npovs.icl.kazan.ru/pages/viewpage.action?pageId=51711487" "Mozilla/5.0 (Windows NT 10.0; Win64; x64) AppleWebKit/537.36 (KHTML, like Gecko) Chrome/46.0.2486.0 Safari/537.36 Edge/13.10586"
192.168.218.125 - - [27/Jul/2018:21:31:33 +0300] "GET / HTTP/1.1" 200 35491 "-" "Zabbix"
192.168.218.125 - - [27/Jul/2018:21:32:32 +0300] "GET / HTTP/1.1" 200 35491 "-" "Zabbix"
192.168.218.125 - - [27/Jul/2018:21:33:33 +0300] "GET / HTTP/1.1" 200 35497 "-" "Zabbix"
192.168.218.10 - - [27/Jul/2018:21:33:41 +0300] "GET /rest/gadgets/1.0/g/com.atlassian.confluence.plugins.gadgets:gadget-search/gadgets/gadget-search.xml HTTP/1.1" 200 4676 "-" "Apache-HttpClient/4.5.3 (Java/1.8.0_102)"
192.168.218.10 - - [27/Jul/2018:21:33:41 +0300] "GET /rest/gadgets/1.0/g/messagebundle/und/gadget.common%2Cgadget.quicknav HTTP/1.1" 200 2463 "-" "Apache-HttpClient/4.5.3 (Java/1.8.0_102)"
192.168.218.10 - - [27/Jul/2018:21:33:41 +0300] "GET /rest/gadgets/1.0/g/messagebundle/ru_RU/gadget.common%2Cgadget.quicknav HTTP/1.1" 200 3791 "-" "Apache-HttpClient/4.5.3 (Java/1.8.0_102)"
192.168.17.55 - - [27/Jul/2018:21:33:44 +0300] "GET /rest/mywork/latest/status/notification/count?_=1532716584037 HTTP/1.1" 200 68 "http://confluence.npovs.icl.kazan.ru/pages/viewpage.action?pageId=24186760&preview=/24186760/51711509/%D0%A1%D0%BB%D1%83%D0%B6%D0%B5%D0%B1%D0%BA%D0%B0%20%D0%BD%D0%B0%20%D0%BE%D1%84%D0%BE%D1%80%D0%BC%D0%BB%D0%B5%D0%BD%D0%B8%D0%B5%20%D1%84%D0%BE%D1%80%D0%BC%D1%8B.dotx" "Mozilla/5.0 (Windows NT 6.1; Win64; x64) AppleWebKit/537.36 (KHTML, like Gecko) Chrome/67.0.3396.99 Safari/537.36"
192.168.17.55 - - [27/Jul/2018:21:33:45 +0300] "GET /rest/mywork/latest/status/notification/count?_=1532716585183 HTTP/1.1" 200 68 "http://confluence.npovs.icl.kazan.ru/pages/viewpage.action?pageId=51710130" "Mozilla/5.0 (Windows NT 6.1; Win64; x64) AppleWebKit/537.36 (KHTML, like Gecko) Chrome/67.0.3396.99 Safari/537.36"
192.168.17.55 - - [27/Jul/2018:21:33:47 +0300] "GET /rest/mywork/latest/status/notification/count?_=1532716587183 HTTP/1.1" 200 68 "http://confluence.npovs.icl.kazan.ru/pages/viewpage.action?pageId=51710130" "Mozilla/5.0 (Windows NT 6.1; Win64; x64) AppleWebKit/537.36 (KHTML, like Gecko) Chrome/67.0.3396.99 Safari/537.36"
192.168.218.116 - - [27/Jul/2018:21:33:51 +0300] "GET /rest/quickreload/latest/51710130?since=1532676831352&_=1532716537217 HTTP/1.1" 204 0 "http://confluence.npovs.icl.kazan.ru/pages/viewpage.action?pageId=51710130" "Mozilla/5.0 (Windows NT 6.1; WOW64; rv:49.0) Gecko/20100101 Firefox/49.0"
192.168.218.125 - - [27/Jul/2018:21:34:33 +0300] "GET / HTTP/1.1" 200 35491 "-" "Zabbix"
192.168.217.89 - - [27/Jul/2018:21:35:22 +0300] "GET /rest/mywork/latest/status/notification/count?_=1532716609414 HTTP/1.1" 401 115 "http://confluence.npovs.icl.kazan.ru/pages/viewpage.action?pageId=51712763" "Mozilla/5.0 (Windows NT 10.0; Win64; x64) AppleWebKit/537.36 (KHTML, like Gecko) Chrome/67.0.3396.99 Safari/537.36"
192.168.218.125 - - [27/Jul/2018:21:35:33 +0300] "GET / HTTP/1.1" 200 35491 "-" "Zabbix"
192.168.218.116 - - [27/Jul/2018:21:35:35 +0300] "GET /rest/mywork/latest/status/notification/count?_=1532716640428 HTTP/1.1" 200 69 "http://confluence.npovs.icl.kazan.ru/pages/viewpage.action?pageId=51711487" "Mozilla/5.0 (Windows NT 10.0; Win64; x64) AppleWebKit/537.36 (KHTML, like Gecko) Chrome/46.0.2486.0 Safari/537.36 Edge/13.10586"
192.168.218.125 - - [27/Jul/2018:21:36:34 +0300] "GET / HTTP/1.1" 200 35491 "-" "Zabbix"
192.168.218.125 - - [27/Jul/2018:21:37:35 +0300] "GET / HTTP/1.1" 200 35497 "-" "Zabbix"
192.168.218.13 - - [27/Jul/2018:21:38:15 +0300] "GET /rest/capabilities HTTP/1.1" 200 434 "-" "FishEye-4.0.3 (4000003)"
192.168.218.13 - - [27/Jul/2018:21:38:30 +0300] "GET /rest/capabilities/navigation?lang=ru-RU HTTP/1.1" 200 405 "-" "FishEye-4.0.3 (4000003)"
192.168.218.13 - - [27/Jul/2018:21:38:30 +0300] "GET /rest/capabilities/navigation?lang=en-GB HTTP/1.1" 200 354 "-" "FishEye-4.0.3 (4000003)"
192.168.218.125 - - [27/Jul/2018:21:38:35 +0300] "GET / HTTP/1.1" 200 35491 "-" "Zabbix"
192.168.217.246 - - [27/Jul/2018:21:38:40 +0300] "GET /rest/quickreload/latest/51710130?since=1532677109487&_=1532716836999 HTTP/1.1" 204 0 "http://confluence.npovs.icl.kazan.ru/pages/viewpage.action?pageId=51710130" "Mozilla/5.0 (Windows NT 6.1; Win64; x64) AppleWebKit/537.36 (KHTML, like Gecko) Chrome/67.0.3396.87 Safari/537.36"
192.168.17.55 - - [27/Jul/2018:21:38:44 +0300] "GET /rest/mywork/latest/status/notification/count?_=1532716884040 HTTP/1.1" 200 68 "http://confluence.npovs.icl.kazan.ru/pages/viewpage.action?pageId=24186760&preview=/24186760/51711509/%D0%A1%D0%BB%D1%83%D0%B6%D0%B5%D0%B1%D0%BA%D0%B0%20%D0%BD%D0%B0%20%D0%BE%D1%84%D0%BE%D1%80%D0%BC%D0%BB%D0%B5%D0%BD%D0%B8%D0%B5%20%D1%84%D0%BE%D1%80%D0%BC%D1%8B.dotx" "Mozilla/5.0 (Windows NT 6.1; Win64; x64) AppleWebKit/537.36 (KHTML, like Gecko) Chrome/67.0.3396.99 Safari/537.36"
192.168.17.55 - - [27/Jul/2018:21:38:46 +0300] "GET /rest/mywork/latest/status/notification/count?_=1532716886187 HTTP/1.1" 200 68 "http://confluence.npovs.icl.kazan.ru/pages/viewpage.action?pageId=51710130" "Mozilla/5.0 (Windows NT 6.1; Win64; x64) AppleWebKit/537.36 (KHTML, like Gecko) Chrome/67.0.3396.99 Safari/537.36"
192.168.17.55 - - [27/Jul/2018:21:38:48 +0300] "GET /rest/mywork/latest/status/notification/count?_=1532716888187 HTTP/1.1" 200 68 "http://confluence.npovs.icl.kazan.ru/pages/viewpage.action?pageId=51710130" "Mozilla/5.0 (Windows NT 6.1; Win64; x64) AppleWebKit/537.36 (KHTML, like Gecko) Chrome/67.0.3396.99 Safari/537.36"
192.168.218.125 - - [27/Jul/2018:21:39:35 +0300] "GET / HTTP/1.1" 200 35491 "-" "Zabbix"
192.168.217.89 - - [27/Jul/2018:21:40:22 +0300] "GET /rest/mywork/latest/status/notification/count?_=1532716909415 HTTP/1.1" 401 115 "http://confluence.npovs.icl.kazan.ru/pages/viewpage.action?pageId=51712763" "Mozilla/5.0 (Windows NT 10.0; Win64; x64) AppleWebKit/537.36 (KHTML, like Gecko) Chrome/67.0.3396.99 Safari/537.36"
192.168.218.116 - - [27/Jul/2018:21:40:35 +0300] "GET /rest/mywork/latest/status/notification/count?_=1532716940429 HTTP/1.1" 200 69 "http://confluence.npovs.icl.kazan.ru/pages/viewpage.action?pageId=51711487" "Mozilla/5.0 (Windows NT 10.0; Win64; x64) AppleWebKit/537.36 (KHTML, like Gecko) Chrome/46.0.2486.0 Safari/537.36 Edge/13.10586"
192.168.218.125 - - [27/Jul/2018:21:40:35 +0300] "GET / HTTP/1.1" 200 35491 "-" "Zabbix"
192.168.17.50 - - [27/Jul/2018:21:40:57 +0300] "GET /rest/quickreload/latest/36800509?since=1532713257876&_=1532717096216 HTTP/1.1" 204 0 "http://confluence.npovs.icl.kazan.ru/display/iclmed/Backlog" "Mozilla/5.0 (Windows NT 6.3; Win64; x64) AppleWebKit/537.36 (KHTML, like Gecko) Chrome/67.0.3396.99 Safari/537.36"
192.168.17.50 - - [27/Jul/2018:21:40:58 +0300] "GET /rest/quickreload/latest/21955302?since=1532713257880&_=1532717097224 HTTP/1.1" 204 0 "http://confluence.npovs.icl.kazan.ru/pages/viewpage.action?pageId=21955302" "Mozilla/5.0 (Windows NT 6.3; Win64; x64) AppleWebKit/537.36 (KHTML, like Gecko) Chrome/67.0.3396.99 Safari/537.36"
192.168.218.125 - - [27/Jul/2018:21:41:36 +0300] "GET / HTTP/1.1" 200 35491 "-" "Zabbix"
192.168.218.125 - - [27/Jul/2018:21:42:36 +0300] "GET / HTTP/1.1" 200 35491 "-" "Zabbix"
192.168.218.125 - - [27/Jul/2018:21:43:36 +0300] "GET / HTTP/1.1" 200 35491 "-" "Zabbix"
192.168.218.10 - - [27/Jul/2018:21:43:41 +0300] "GET /rest/gadgets/1.0/g/com.atlassian.confluence.plugins.gadgets:gadget-search/gadgets/gadget-search.xml HTTP/1.1" 200 4676 "-" "Apache-HttpClient/4.5.3 (Java/1.8.0_102)"
192.168.218.10 - - [27/Jul/2018:21:43:41 +0300] "GET /rest/gadgets/1.0/g/messagebundle/und/gadget.common%2Cgadget.quicknav HTTP/1.1" 200 2463 "-" "Apache-HttpClient/4.5.3 (Java/1.8.0_102)"
192.168.218.10 - - [27/Jul/2018:21:43:41 +0300] "GET /rest/gadgets/1.0/g/messagebundle/ru_RU/gadget.common%2Cgadget.quicknav HTTP/1.1" 200 3791 "-" "Apache-HttpClient/4.5.3 (Java/1.8.0_102)"
192.168.17.55 - - [27/Jul/2018:21:43:44 +0300] "GET /rest/mywork/latest/status/notification/count?_=1532717184081 HTTP/1.1" 200 68 "http://confluence.npovs.icl.kazan.ru/pages/viewpage.action?pageId=24186760&preview=/24186760/51711509/%D0%A1%D0%BB%D1%83%D0%B6%D0%B5%D0%B1%D0%BA%D0%B0%20%D0%BD%D0%B0%20%D0%BE%D1%84%D0%BE%D1%80%D0%BC%D0%BB%D0%B5%D0%BD%D0%B8%D0%B5%20%D1%84%D0%BE%D1%80%D0%BC%D1%8B.dotx" "Mozilla/5.0 (Windows NT 6.1; Win64; x64) AppleWebKit/537.36 (KHTML, like Gecko) Chrome/67.0.3396.99 Safari/537.36"
192.168.17.55 - - [27/Jul/2018:21:43:48 +0300] "GET /rest/mywork/latest/status/notification/count?_=1532717187189 HTTP/1.1" 200 68 "http://confluence.npovs.icl.kazan.ru/pages/viewpage.action?pageId=51710130" "Mozilla/5.0 (Windows NT 6.1; Win64; x64) AppleWebKit/537.36 (KHTML, like Gecko) Chrome/67.0.3396.99 Safari/537.36"
192.168.17.55 - - [27/Jul/2018:21:43:49 +0300] "GET /rest/mywork/latest/status/notification/count?_=1532717189189 HTTP/1.1" 200 68 "http://confluence.npovs.icl.kazan.ru/pages/viewpage.action?pageId=51710130" "Mozilla/5.0 (Windows NT 6.1; Win64; x64) AppleWebKit/537.36 (KHTML, like Gecko) Chrome/67.0.3396.99 Safari/537.36"
192.168.218.125 - - [27/Jul/2018:21:44:35 +0300] "GET / HTTP/1.1" 200 35491 "-" "Zabbix"
192.168.17.50 - - [27/Jul/2018:21:44:49 +0300] "GET /rest/quickreload/latest/50266149?since=1532709887989&_=1532717328217 HTTP/1.1" 200 82 "http://confluence.npovs.icl.kazan.ru/pages/viewpage.action?pageId=50266149" "Mozilla/5.0 (Windows NT 6.3; Win64; x64) AppleWebKit/537.36 (KHTML, like Gecko) Chrome/67.0.3396.99 Safari/537.36"
192.168.217.89 - - [27/Jul/2018:21:45:22 +0300] "GET /rest/mywork/latest/status/notification/count?_=1532717209416 HTTP/1.1" 401 115 "http://confluence.npovs.icl.kazan.ru/pages/viewpage.action?pageId=51712763" "Mozilla/5.0 (Windows NT 10.0; Win64; x64) AppleWebKit/537.36 (KHTML, like Gecko) Chrome/67.0.3396.99 Safari/537.36"
192.168.218.116 - - [27/Jul/2018:21:45:35 +0300] "GET /rest/mywork/latest/status/notification/count?_=1532717240430 HTTP/1.1" 200 69 "http://confluence.npovs.icl.kazan.ru/pages/viewpage.action?pageId=51711487" "Mozilla/5.0 (Windows NT 10.0; Win64; x64) AppleWebKit/537.36 (KHTML, like Gecko) Chrome/46.0.2486.0 Safari/537.36 Edge/13.10586"
192.168.218.125 - - [27/Jul/2018:21:45:36 +0300] "GET / HTTP/1.1" 200 35491 "-" "Zabbix"
192.168.218.116 - - [27/Jul/2018:21:46:36 +0300] "GET /rest/quickreload/latest/41191239?since=1532709996373&_=1532717301532 HTTP/1.1" 200 82 "http://confluence.npovs.icl.kazan.ru/pages/viewpage.action?pageId=41191239" "Mozilla/5.0 (Windows NT 10.0; Win64; x64) AppleWebKit/537.36 (KHTML, like Gecko) Chrome/46.0.2486.0 Safari/537.36 Edge/13.10586"
192.168.218.125 - - [27/Jul/2018:21:46:36 +0300] "GET / HTTP/1.1" 200 35491 "-" "Zabbix"
192.168.218.116 - - [27/Jul/2018:21:47:18 +0300] "GET /rest/quickreload/latest/51711487?since=1532699965934&_=1532717343882 HTTP/1.1" 204 0 "http://confluence.npovs.icl.kazan.ru/pages/viewpage.action?pageId=51711487" "Mozilla/5.0 (Windows NT 10.0; Win64; x64) AppleWebKit/537.36 (KHTML, like Gecko) Chrome/46.0.2486.0 Safari/537.36 Edge/13.10586"
192.168.218.125 - - [27/Jul/2018:21:47:35 +0300] "GET / HTTP/1.1" 200 35491 "-" "Zabbix"
192.168.218.13 - - [27/Jul/2018:21:48:25 +0300] "GET /rest/capabilities HTTP/1.1" 200 434 "-" "FishEye-4.0.3 (4000003)"
192.168.218.125 - - [27/Jul/2018:21:48:35 +0300] "GET / HTTP/1.1" 200 35491 "-" "Zabbix"
192.168.218.13 - - [27/Jul/2018:21:48:40 +0300] "GET /rest/capabilities/navigation?lang=ru-RU HTTP/1.1" 200 405 "-" "FishEye-4.0.3 (4000003)"
192.168.218.13 - - [27/Jul/2018:21:48:40 +0300] "GET /rest/capabilities/navigation?lang=en-GB HTTP/1.1" 200 354 "-" "FishEye-4.0.3 (4000003)"
192.168.218.10 - - [27/Jul/2018:21:48:42 +0300] "GET /rest/gadgets/1.0/g/com.atlassian.confluence.plugins.gadgets:gadget-search/gadgets/gadget-search.xml HTTP/1.1" 200 4676 "-" "Apache-HttpClient/4.5.3 (Java/1.8.0_102)"
192.168.218.10 - - [27/Jul/2018:21:48:42 +0300] "GET /rest/gadgets/1.0/g/messagebundle/und/gadget.common%2Cgadget.quicknav HTTP/1.1" 200 2463 "-" "Apache-HttpClient/4.5.3 (Java/1.8.0_102)"
192.168.218.10 - - [27/Jul/2018:21:48:42 +0300] "GET /rest/gadgets/1.0/g/messagebundle/ru_RU/gadget.common%2Cgadget.quicknav HTTP/1.1" 200 3791 "-" "Apache-HttpClient/4.5.3 (Java/1.8.0_102)"
192.168.17.55 - - [27/Jul/2018:21:48:44 +0300] "GET /rest/mywork/latest/status/notification/count?_=1532717484087 HTTP/1.1" 200 68 "http://confluence.npovs.icl.kazan.ru/pages/viewpage.action?pageId=24186760&preview=/24186760/51711509/%D0%A1%D0%BB%D1%83%D0%B6%D0%B5%D0%B1%D0%BA%D0%B0%20%D0%BD%D0%B0%20%D0%BE%D1%84%D0%BE%D1%80%D0%BC%D0%BB%D0%B5%D0%BD%D0%B8%D0%B5%20%D1%84%D0%BE%D1%80%D0%BC%D1%8B.dotx" "Mozilla/5.0 (Windows NT 6.1; Win64; x64) AppleWebKit/537.36 (KHTML, like Gecko) Chrome/67.0.3396.99 Safari/537.36"
192.168.17.55 - - [27/Jul/2018:21:48:48 +0300] "GET /rest/mywork/latest/status/notification/count?_=1532717488192 HTTP/1.1" 200 68 "http://confluence.npovs.icl.kazan.ru/pages/viewpage.action?pageId=51710130" "Mozilla/5.0 (Windows NT 6.1; Win64; x64) AppleWebKit/537.36 (KHTML, like Gecko) Chrome/67.0.3396.99 Safari/537.36"
192.168.17.55 - - [27/Jul/2018:21:48:50 +0300] "GET /rest/mywork/latest/status/notification/count?_=1532717490192 HTTP/1.1" 200 68 "http://confluence.npovs.icl.kazan.ru/pages/viewpage.action?pageId=51710130" "Mozilla/5.0 (Windows NT 6.1; Win64; x64) AppleWebKit/537.36 (KHTML, like Gecko) Chrome/67.0.3396.99 Safari/537.36"
192.168.17.22 - - [27/Jul/2018:21:49:20 +0300] "GET /rest/quickreload/latest/51710130?since=1532689895953&_=1532717451003 HTTP/1.1" 204 0 "http://confluence.npovs.icl.kazan.ru/pages/viewpage.action?pageId=51710130" "Mozilla/5.0 (Windows NT 6.3; Win64; x64) AppleWebKit/537.36 (KHTML, like Gecko) Chrome/65.0.3325.181 Safari/537.36"
192.168.218.125 - - [27/Jul/2018:21:49:36 +0300] "GET / HTTP/1.1" 200 35497 "-" "Zabbix"
192.168.217.89 - - [27/Jul/2018:21:50:22 +0300] "GET /rest/mywork/latest/status/notification/count?_=1532717509417 HTTP/1.1" 401 115 "http://confluence.npovs.icl.kazan.ru/pages/viewpage.action?pageId=51712763" "Mozilla/5.0 (Windows NT 10.0; Win64; x64) AppleWebKit/537.36 (KHTML, like Gecko) Chrome/67.0.3396.99 Safari/537.36"
192.168.218.116 - - [27/Jul/2018:21:50:35 +0300] "GET /rest/mywork/latest/status/notification/count?_=1532717540428 HTTP/1.1" 200 69 "http://confluence.npovs.icl.kazan.ru/pages/viewpage.action?pageId=51711487" "Mozilla/5.0 (Windows NT 10.0; Win64; x64) AppleWebKit/537.36 (KHTML, like Gecko) Chrome/46.0.2486.0 Safari/537.36 Edge/13.10586"
192.168.218.125 - - [27/Jul/2018:21:50:36 +0300] "GET / HTTP/1.1" 200 35491 "-" "Zabbix"
192.168.168.123 - - [27/Jul/2018:21:50:40 +0300] "GET /rest/quickreload/latest/50267794?since=1532713839154&_=1532717639423 HTTP/1.1" 204 0 "http://confluence.npovs.icl.kazan.ru/pages/viewpage.action?pageId=50267794&preview=%2F50267794%2F50267796%2F%D0%91%D0%9B%D0%90%D0%9D%D0%9A+%D0%9D%D0%9F%D0%9E+%D0%92%D0%A1.doc" "Mozilla/5.0 (Windows NT 6.1; Win64; x64) AppleWebKit/537.36 (KHTML, like Gecko) Chrome/67.0.3396.87 Safari/537.36 OPR/54.0.2952.60"
192.168.167.118 - - [27/Jul/2018:21:51:14 +0300] "GET /rest/quickreload/latest/51710130?since=1532704292889&_=1532717640412 HTTP/1.1" 204 0 "http://confluence.npovs.icl.kazan.ru/pages/viewpage.action?pageId=51710130" "Mozilla/5.0 (Windows NT 10.0; Win64; x64) AppleWebKit/537.36 (KHTML, like Gecko) Chrome/67.0.3396.99 Safari/537.36"
192.168.218.125 - - [27/Jul/2018:21:51:35 +0300] "GET / HTTP/1.1" 200 35492 "-" "Zabbix"
192.168.17.55 - - [27/Jul/2018:21:52:00 +0300] "GET /rest/calendar-services/1.0/calendar/export/subcalendar/private/1a52d31ae4fbc2931ffcf2eaa0b598aca4c3a7c0.ics HTTP/1.1" 200 56041 "-" "Microsoft Office/15.0 (Windows NT 6.1; Microsoft Outlook 15.0.5031; Pro)"
192.168.218.125 - - [27/Jul/2018:21:52:35 +0300] "GET / HTTP/1.1" 200 35491 "-" "Zabbix"
192.168.218.125 - - [27/Jul/2018:21:53:35 +0300] "GET / HTTP/1.1" 200 35492 "-" "Zabbix"
192.168.218.10 - - [27/Jul/2018:21:53:43 +0300] "GET /rest/gadgets/1.0/g/com.atlassian.confluence.plugins.gadgets:gadget-search/gadgets/gadget-search.xml HTTP/1.1" 200 4676 "-" "Apache-HttpClient/4.5.3 (Java/1.8.0_102)"
192.168.218.10 - - [27/Jul/2018:21:53:43 +0300] "GET /rest/gadgets/1.0/g/messagebundle/und/gadget.common%2Cgadget.quicknav HTTP/1.1" 200 2463 "-" "Apache-HttpClient/4.5.3 (Java/1.8.0_102)"
192.168.218.10 - - [27/Jul/2018:21:53:43 +0300] "GET /rest/gadgets/1.0/g/messagebundle/ru_RU/gadget.common%2Cgadget.quicknav HTTP/1.1" 200 3791 "-" "Apache-HttpClient/4.5.3 (Java/1.8.0_102)"
192.168.17.55 - - [27/Jul/2018:21:53:44 +0300] "GET /rest/mywork/latest/status/notification/count?_=1532717784132 HTTP/1.1" 200 68 "http://confluence.npovs.icl.kazan.ru/pages/viewpage.action?pageId=24186760&preview=/24186760/51711509/%D0%A1%D0%BB%D1%83%D0%B6%D0%B5%D0%B1%D0%BA%D0%B0%20%D0%BD%D0%B0%20%D0%BE%D1%84%D0%BE%D1%80%D0%BC%D0%BB%D0%B5%D0%BD%D0%B8%D0%B5%20%D1%84%D0%BE%D1%80%D0%BC%D1%8B.dotx" "Mozilla/5.0 (Windows NT 6.1; Win64; x64) AppleWebKit/537.36 (KHTML, like Gecko) Chrome/67.0.3396.99 Safari/537.36"
192.168.17.55 - - [27/Jul/2018:21:53:49 +0300] "GET /rest/mywork/latest/status/notification/count?_=1532717789196 HTTP/1.1" 200 68 "http://confluence.npovs.icl.kazan.ru/pages/viewpage.action?pageId=51710130" "Mozilla/5.0 (Windows NT 6.1; Win64; x64) AppleWebKit/537.36 (KHTML, like Gecko) Chrome/67.0.3396.99 Safari/537.36"
192.168.17.55 - - [27/Jul/2018:21:53:51 +0300] "GET /rest/mywork/latest/status/notification/count?_=1532717791195 HTTP/1.1" 200 68 "http://confluence.npovs.icl.kazan.ru/pages/viewpage.action?pageId=51710130" "Mozilla/5.0 (Windows NT 6.1; Win64; x64) AppleWebKit/537.36 (KHTML, like Gecko) Chrome/67.0.3396.99 Safari/537.36"
192.168.218.125 - - [27/Jul/2018:21:54:36 +0300] "GET / HTTP/1.1" 200 35497 "-" "Zabbix"
192.168.217.246 - - [27/Jul/2018:21:55:25 +0300] "GET /rest/quickreload/latest/49250783?since=1532714124207&_=1532717842003 HTTP/1.1" 204 0 "http://confluence.npovs.icl.kazan.ru/pages/viewpage.action?pageId=49250783" "Mozilla/5.0 (Windows NT 6.1; Win64; x64) AppleWebKit/537.36 (KHTML, like Gecko) Chrome/67.0.3396.87 Safari/537.36"
192.168.218.116 - - [27/Jul/2018:21:55:35 +0300] "GET /rest/mywork/latest/status/notification/count?_=1532717840444 HTTP/1.1" 200 69 "http://confluence.npovs.icl.kazan.ru/pages/viewpage.action?pageId=51711487" "Mozilla/5.0 (Windows NT 10.0; Win64; x64) AppleWebKit/537.36 (KHTML, like Gecko) Chrome/46.0.2486.0 Safari/537.36 Edge/13.10586"
192.168.218.125 - - [27/Jul/2018:21:55:36 +0300] "GET / HTTP/1.1" 200 35491 "-" "Zabbix"
192.168.218.125 - - [27/Jul/2018:21:56:35 +0300] "GET / HTTP/1.1" 200 35491 "-" "Zabbix"
192.168.218.125 - - [27/Jul/2018:21:57:35 +0300] "GET / HTTP/1.1" 200 35491 "-" "Zabbix"
192.168.218.13 - - [27/Jul/2018:21:58:35 +0300] "GET /rest/capabilities HTTP/1.1" 200 434 "-" "FishEye-4.0.3 (4000003)"
192.168.218.125 - - [27/Jul/2018:21:58:37 +0300] "GET / HTTP/1.1" 200 35499 "-" "Zabbix"
192.168.218.10 - - [27/Jul/2018:21:58:44 +0300] "GET /rest/gadgets/1.0/g/com.atlassian.confluence.plugins.gadgets:gadget-search/gadgets/gadget-search.xml HTTP/1.1" 200 4676 "-" "Apache-HttpClient/4.5.3 (Java/1.8.0_102)"
192.168.218.10 - - [27/Jul/2018:21:58:44 +0300] "GET /rest/gadgets/1.0/g/messagebundle/und/gadget.common%2Cgadget.quicknav HTTP/1.1" 200 2463 "-" "Apache-HttpClient/4.5.3 (Java/1.8.0_102)"
192.168.218.10 - - [27/Jul/2018:21:58:44 +0300] "GET /rest/gadgets/1.0/g/messagebundle/ru_RU/gadget.common%2Cgadget.quicknav HTTP/1.1" 200 3791 "-" "Apache-HttpClient/4.5.3 (Java/1.8.0_102)"
192.168.17.55 - - [27/Jul/2018:21:58:44 +0300] "GET /rest/mywork/latest/status/notification/count?_=1532718084137 HTTP/1.1" 200 68 "http://confluence.npovs.icl.kazan.ru/pages/viewpage.action?pageId=24186760&preview=/24186760/51711509/%D0%A1%D0%BB%D1%83%D0%B6%D0%B5%D0%B1%D0%BA%D0%B0%20%D0%BD%D0%B0%20%D0%BE%D1%84%D0%BE%D1%80%D0%BC%D0%BB%D0%B5%D0%BD%D0%B8%D0%B5%20%D1%84%D0%BE%D1%80%D0%BC%D1%8B.dotx" "Mozilla/5.0 (Windows NT 6.1; Win64; x64) AppleWebKit/537.36 (KHTML, like Gecko) Chrome/67.0.3396.99 Safari/537.36"
192.168.218.13 - - [27/Jul/2018:21:58:50 +0300] "GET /rest/capabilities/navigation?lang=ru-RU HTTP/1.1" 200 405 "-" "FishEye-4.0.3 (4000003)"
192.168.218.13 - - [27/Jul/2018:21:58:50 +0300] "GET /rest/capabilities/navigation?lang=en-GB HTTP/1.1" 200 354 "-" "FishEye-4.0.3 (4000003)"
192.168.17.55 - - [27/Jul/2018:21:58:50 +0300] "GET /rest/mywork/latest/status/notification/count?_=1532718090199 HTTP/1.1" 200 68 "http://confluence.npovs.icl.kazan.ru/pages/viewpage.action?pageId=51710130" "Mozilla/5.0 (Windows NT 6.1; Win64; x64) AppleWebKit/537.36 (KHTML, like Gecko) Chrome/67.0.3396.99 Safari/537.36"
192.168.17.55 - - [27/Jul/2018:21:58:52 +0300] "GET /rest/mywork/latest/status/notification/count?_=1532718092198 HTTP/1.1" 200 68 "http://confluence.npovs.icl.kazan.ru/pages/viewpage.action?pageId=51710130" "Mozilla/5.0 (Windows NT 6.1; Win64; x64) AppleWebKit/537.36 (KHTML, like Gecko) Chrome/67.0.3396.99 Safari/537.36"
192.168.218.125 - - [27/Jul/2018:21:59:36 +0300] "GET / HTTP/1.1" 200 35491 "-" "Zabbix"
192.168.217.246 - - [27/Jul/2018:22:00:34 +0300] "GET /rest/quickreload/latest/51712325?since=1532714433190&_=1532718151008 HTTP/1.1" 204 0 "http://confluence.npovs.icl.kazan.ru/pages/viewpage.action?pageId=51712325" "Mozilla/5.0 (Windows NT 6.1; Win64; x64) AppleWebKit/537.36 (KHTML, like Gecko) Chrome/67.0.3396.87 Safari/537.36"
192.168.218.116 - - [27/Jul/2018:22:00:35 +0300] "GET /rest/mywork/latest/status/notification/count?_=1532718140439 HTTP/1.1" 200 69 "http://confluence.npovs.icl.kazan.ru/pages/viewpage.action?pageId=51711487" "Mozilla/5.0 (Windows NT 10.0; Win64; x64) AppleWebKit/537.36 (KHTML, like Gecko) Chrome/46.0.2486.0 Safari/537.36 Edge/13.10586"
192.168.218.125 - - [27/Jul/2018:22:00:37 +0300] "GET / HTTP/1.1" 200 35491 "-" "Zabbix"
192.168.217.89 - - [27/Jul/2018:22:00:56 +0300] "GET /rest/mywork/latest/status/notification/count?_=1532718143503 HTTP/1.1" 401 115 "http://confluence.npovs.icl.kazan.ru/pages/viewpage.action?pageId=51712763" "Mozilla/5.0 (Windows NT 10.0; Win64; x64) AppleWebKit/537.36 (KHTML, like Gecko) Chrome/67.0.3396.99 Safari/537.36"
192.168.218.125 - - [27/Jul/2018:22:01:36 +0300] "GET / HTTP/1.1" 200 35491 "-" "Zabbix"
192.168.218.125 - - [27/Jul/2018:22:02:38 +0300] "GET / HTTP/1.1" 200 35499 "-" "Zabbix"
192.168.218.125 - - [27/Jul/2018:22:03:38 +0300] "GET / HTTP/1.1" 200 35491 "-" "Zabbix"
192.168.218.10 - - [27/Jul/2018:22:03:44 +0300] "GET /rest/gadgets/1.0/g/com.atlassian.confluence.plugins.gadgets:gadget-search/gadgets/gadget-search.xml HTTP/1.1" 200 4676 "-" "Apache-HttpClient/4.5.3 (Java/1.8.0_102)"
192.168.17.55 - - [27/Jul/2018:22:03:44 +0300] "GET /rest/mywork/latest/status/notification/count?_=1532718384180 HTTP/1.1" 200 68 "http://confluence.npovs.icl.kazan.ru/pages/viewpage.action?pageId=24186760&preview=/24186760/51711509/%D0%A1%D0%BB%D1%83%D0%B6%D0%B5%D0%B1%D0%BA%D0%B0%20%D0%BD%D0%B0%20%D0%BE%D1%84%D0%BE%D1%80%D0%BC%D0%BB%D0%B5%D0%BD%D0%B8%D0%B5%20%D1%84%D0%BE%D1%80%D0%BC%D1%8B.dotx" "Mozilla/5.0 (Windows NT 6.1; Win64; x64) AppleWebKit/537.36 (KHTML, like Gecko) Chrome/67.0.3396.99 Safari/537.36"
192.168.218.10 - - [27/Jul/2018:22:03:44 +0300] "GET /rest/gadgets/1.0/g/messagebundle/und/gadget.common%2Cgadget.quicknav HTTP/1.1" 200 2463 "-" "Apache-HttpClient/4.5.3 (Java/1.8.0_102)"
192.168.218.10 - - [27/Jul/2018:22:03:44 +0300] "GET /rest/gadgets/1.0/g/messagebundle/ru_RU/gadget.common%2Cgadget.quicknav HTTP/1.1" 200 3791 "-" "Apache-HttpClient/4.5.3 (Java/1.8.0_102)"
192.168.17.55 - - [27/Jul/2018:22:03:51 +0300] "GET /rest/mywork/latest/status/notification/count?_=1532718391201 HTTP/1.1" 200 68 "http://confluence.npovs.icl.kazan.ru/pages/viewpage.action?pageId=51710130" "Mozilla/5.0 (Windows NT 6.1; Win64; x64) AppleWebKit/537.36 (KHTML, like Gecko) Chrome/67.0.3396.99 Safari/537.36"
192.168.17.55 - - [27/Jul/2018:22:03:53 +0300] "GET /rest/mywork/latest/status/notification/count?_=1532718393201 HTTP/1.1" 200 68 "http://confluence.npovs.icl.kazan.ru/pages/viewpage.action?pageId=51710130" "Mozilla/5.0 (Windows NT 6.1; Win64; x64) AppleWebKit/537.36 (KHTML, like Gecko) Chrome/67.0.3396.99 Safari/537.36"
192.168.218.125 - - [27/Jul/2018:22:04:39 +0300] "GET / HTTP/1.1" 200 35491 "-" "Zabbix"
192.168.167.122 - - [27/Jul/2018:22:05:15 +0300] "GET /rest/quickreload/latest/17104907?since=1532714714313&_=1532718400088 HTTP/1.1" 204 0 "http://confluence.npovs.icl.kazan.ru/pages/viewpage.action?pageId=17104907" "Mozilla/5.0 (Windows NT 6.1; Win64; x64; rv:61.0) Gecko/20100101 Firefox/61.0"
192.168.218.116 - - [27/Jul/2018:22:05:35 +0300] "GET /rest/mywork/latest/status/notification/count?_=1532718440456 HTTP/1.1" 200 69 "http://confluence.npovs.icl.kazan.ru/pages/viewpage.action?pageId=51711487" "Mozilla/5.0 (Windows NT 10.0; Win64; x64) AppleWebKit/537.36 (KHTML, like Gecko) Chrome/46.0.2486.0 Safari/537.36 Edge/13.10586"
192.168.218.125 - - [27/Jul/2018:22:05:39 +0300] "GET / HTTP/1.1" 200 35491 "-" "Zabbix"
192.168.217.89 - - [27/Jul/2018:22:05:56 +0300] "GET /rest/mywork/latest/status/notification/count?_=1532718443504 HTTP/1.1" 401 115 "http://confluence.npovs.icl.kazan.ru/pages/viewpage.action?pageId=51712763" "Mozilla/5.0 (Windows NT 10.0; Win64; x64) AppleWebKit/537.36 (KHTML, like Gecko) Chrome/67.0.3396.99 Safari/537.36"
192.168.17.50 - - [27/Jul/2018:22:06:08 +0300] "GET /rest/quickreload/latest/51710130?since=1532697034363&_=1532718607216 HTTP/1.1" 204 0 "http://confluence.npovs.icl.kazan.ru/pages/viewpage.action?pageId=51710130" "Mozilla/5.0 (Windows NT 6.3; Win64; x64) AppleWebKit/537.36 (KHTML, like Gecko) Chrome/67.0.3396.99 Safari/537.36"
192.168.218.125 - - [27/Jul/2018:22:06:39 +0300] "GET / HTTP/1.1" 200 35491 "-" "Zabbix"
192.168.17.22 - - [27/Jul/2018:22:07:01 +0300] "GET /rest/quickreload/latest/51709640?since=1532714820517&_=1532718512003 HTTP/1.1" 204 0 "http://confluence.npovs.icl.kazan.ru/display/HR/FAQ" "Mozilla/5.0 (Windows NT 6.3; Win64; x64) AppleWebKit/537.36 (KHTML, like Gecko) Chrome/65.0.3325.181 Safari/537.36"
192.168.218.125 - - [27/Jul/2018:22:07:40 +0300] "GET / HTTP/1.1" 200 35492 "-" "Zabbix"
192.168.218.125 - - [27/Jul/2018:22:08:40 +0300] "GET / HTTP/1.1" 200 35492 "-" "Zabbix"
192.168.17.55 - - [27/Jul/2018:22:08:44 +0300] "GET /rest/mywork/latest/status/notification/count?_=1532718684211 HTTP/1.1" 200 68 "http://confluence.npovs.icl.kazan.ru/pages/viewpage.action?pageId=24186760&preview=/24186760/51711509/%D0%A1%D0%BB%D1%83%D0%B6%D0%B5%D0%B1%D0%BA%D0%B0%20%D0%BD%D0%B0%20%D0%BE%D1%84%D0%BE%D1%80%D0%BC%D0%BB%D0%B5%D0%BD%D0%B8%D0%B5%20%D1%84%D0%BE%D1%80%D0%BC%D1%8B.dotx" "Mozilla/5.0 (Windows NT 6.1; Win64; x64) AppleWebKit/537.36 (KHTML, like Gecko) Chrome/67.0.3396.99 Safari/537.36"
192.168.218.10 - - [27/Jul/2018:22:08:45 +0300] "GET /rest/gadgets/1.0/g/com.atlassian.confluence.plugins.gadgets:gadget-search/gadgets/gadget-search.xml HTTP/1.1" 200 4676 "-" "Apache-HttpClient/4.5.3 (Java/1.8.0_102)"
192.168.218.10 - - [27/Jul/2018:22:08:45 +0300] "GET /rest/gadgets/1.0/g/messagebundle/und/gadget.common%2Cgadget.quicknav HTTP/1.1" 200 2463 "-" "Apache-HttpClient/4.5.3 (Java/1.8.0_102)"
192.168.218.10 - - [27/Jul/2018:22:08:45 +0300] "GET /rest/gadgets/1.0/g/messagebundle/ru_RU/gadget.common%2Cgadget.quicknav HTTP/1.1" 200 3791 "-" "Apache-HttpClient/4.5.3 (Java/1.8.0_102)"
192.168.218.13 - - [27/Jul/2018:22:08:45 +0300] "GET /rest/capabilities HTTP/1.1" 200 434 "-" "FishEye-4.0.3 (4000003)"
192.168.17.55 - - [27/Jul/2018:22:08:52 +0300] "GET /rest/mywork/latest/status/notification/count?_=1532718692204 HTTP/1.1" 200 68 "http://confluence.npovs.icl.kazan.ru/pages/viewpage.action?pageId=51710130" "Mozilla/5.0 (Windows NT 6.1; Win64; x64) AppleWebKit/537.36 (KHTML, like Gecko) Chrome/67.0.3396.99 Safari/537.36"
192.168.17.55 - - [27/Jul/2018:22:08:54 +0300] "GET /rest/mywork/latest/status/notification/count?_=1532718694203 HTTP/1.1" 200 68 "http://confluence.npovs.icl.kazan.ru/pages/viewpage.action?pageId=51710130" "Mozilla/5.0 (Windows NT 6.1; Win64; x64) AppleWebKit/537.36 (KHTML, like Gecko) Chrome/67.0.3396.99 Safari/537.36"
192.168.218.10 - - [27/Jul/2018:22:09:00 +0300] "GET /rest/gadgets/1.0/g/feed HTTP/1.1" 200 3041 "-" "Atlassian-Gadgets-HttpClient"
192.168.218.10 - - [27/Jul/2018:22:09:00 +0300] "GET /rest/gadgets/1.0/g/feed HTTP/1.1" 200 3041 "-" "Atlassian-Gadgets-HttpClient"
10.8.0.41 - - [27/Jul/2018:22:09:00 +0300] "GET /s/a2075708469007add0f1bbdf498690b1-CDN/ru_RU/7109/9af699845080e5027a80c674ed9e6d30a44ff7e8/5.10.1/_/download/batch/com.atlassian.auiplugin:aui-page-typography/com.atlassian.auiplugin:aui-page-typography.css HTTP/1.1" 200 906 "http://jira.npovs.icl.kazan.ru/" "Mozilla/5.0 (Windows NT 6.1; Win64; x64; rv:61.0) Gecko/20100101 Firefox/61.0"
10.8.0.41 - - [27/Jul/2018:22:09:00 +0300] "GET /s/ab68e0685eef091517ddfb8a78cfaa62-CDN/ru_RU/7109/9af699845080e5027a80c674ed9e6d30a44ff7e8/5.10.1/_/download/batch/com.atlassian.auiplugin:aui-page-layout/com.atlassian.auiplugin:aui-page-layout.css HTTP/1.1" 200 5399 "http://jira.npovs.icl.kazan.ru/" "Mozilla/5.0 (Windows NT 6.1; Win64; x64; rv:61.0) Gecko/20100101 Firefox/61.0"
10.8.0.41 - - [27/Jul/2018:22:09:00 +0300] "GET /s/a2075708469007add0f1bbdf498690b1-CDN/ru_RU/7109/9af699845080e5027a80c674ed9e6d30a44ff7e8/5.10.1/_/download/batch/com.atlassian.auiplugin:internal-basic-css/com.atlassian.auiplugin:internal-basic-css.css HTTP/1.1" 200 390 "http://jira.npovs.icl.kazan.ru/" "Mozilla/5.0 (Windows NT 6.1; Win64; x64; rv:61.0) Gecko/20100101 Firefox/61.0"
10.8.0.41 - - [27/Jul/2018:22:09:00 +0300] "GET /s/a2075708469007add0f1bbdf498690b1-CDN/ru_RU/7109/9af699845080e5027a80c674ed9e6d30a44ff7e8/5.10.1/_/download/batch/com.atlassian.auiplugin:aui-avatars/com.atlassian.auiplugin:aui-avatars.css HTTP/1.1" 200 550 "http://jira.npovs.icl.kazan.ru/" "Mozilla/5.0 (Windows NT 6.1; Win64; x64; rv:61.0) Gecko/20100101 Firefox/61.0"
10.8.0.41 - - [27/Jul/2018:22:09:00 +0300] "GET /s/a2075708469007add0f1bbdf498690b1-CDN/ru_RU/7109/9af699845080e5027a80c674ed9e6d30a44ff7e8/5.10.1/_/download/batch/com.atlassian.auiplugin:dropdown/com.atlassian.auiplugin:dropdown.css HTTP/1.1" 200 1082 "http://jira.npovs.icl.kazan.ru/" "Mozilla/5.0 (Windows NT 6.1; Win64; x64; rv:61.0) Gecko/20100101 Firefox/61.0"
10.8.0.41 - - [27/Jul/2018:22:09:00 +0300] "GET /s/a2075708469007add0f1bbdf498690b1-CDN/ru_RU/7109/9af699845080e5027a80c674ed9e6d30a44ff7e8/5.10.1/_/download/batch/com.atlassian.auiplugin:aui-reset/com.atlassian.auiplugin:aui-reset.css HTTP/1.1" 200 387 "http://jira.npovs.icl.kazan.ru/" "Mozilla/5.0 (Windows NT 6.1; Win64; x64; rv:61.0) Gecko/20100101 Firefox/61.0"
10.8.0.41 - - [27/Jul/2018:22:09:00 +0300] "GET /s/a2075708469007add0f1bbdf498690b1-CDN/ru_RU/7109/9af699845080e5027a80c674ed9e6d30a44ff7e8/5.10.1/_/download/batch/com.atlassian.auiplugin:table/com.atlassian.auiplugin:table.css HTTP/1.1" 200 497 "http://jira.npovs.icl.kazan.ru/" "Mozilla/5.0 (Windows NT 6.1; Win64; x64; rv:61.0) Gecko/20100101 Firefox/61.0"
10.8.0.41 - - [27/Jul/2018:22:09:00 +0300] "GET /s/ab68e0685eef091517ddfb8a78cfaa62-CDN/ru_RU/7109/9af699845080e5027a80c674ed9e6d30a44ff7e8/5.10.1/_/download/batch/com.atlassian.auiplugin:icons/com.atlassian.auiplugin:icons.css HTTP/1.1" 200 5161 "http://jira.npovs.icl.kazan.ru/" "Mozilla/5.0 (Windows NT 6.1; Win64; x64; rv:61.0) Gecko/20100101 Firefox/61.0"
10.8.0.41 - - [27/Jul/2018:22:09:00 +0300] "GET /s/a2075708469007add0f1bbdf498690b1-CDN/ru_RU/7109/9af699845080e5027a80c674ed9e6d30a44ff7e8/5.10.1/_/download/batch/com.atlassian.auiplugin:toolbar/com.atlassian.auiplugin:toolbar.css HTTP/1.1" 200 11312 "http://jira.npovs.icl.kazan.ru/" "Mozilla/5.0 (Windows NT 6.1; Win64; x64; rv:61.0) Gecko/20100101 Firefox/61.0"
10.8.0.41 - - [27/Jul/2018:22:09:00 +0300] "GET /s/ab68e0685eef091517ddfb8a78cfaa62-CDN/ru_RU/7109/9af699845080e5027a80c674ed9e6d30a44ff7e8/5.10.1/_/download/batch/com.atlassian.auiplugin:internal-message-css/com.atlassian.auiplugin:internal-message-css.css HTTP/1.1" 200 1008 "http://jira.npovs.icl.kazan.ru/" "Mozilla/5.0 (Windows NT 6.1; Win64; x64; rv:61.0) Gecko/20100101 Firefox/61.0"
10.8.0.41 - - [27/Jul/2018:22:09:00 +0300] "GET /s/a2075708469007add0f1bbdf498690b1-CDN/ru_RU/7109/9af699845080e5027a80c674ed9e6d30a44ff7e8/5.10.1/_/download/batch/com.atlassian.auiplugin:internal-form-css/com.atlassian.auiplugin:internal-form-css.css HTTP/1.1" 200 1998 "http://jira.npovs.icl.kazan.ru/" "Mozilla/5.0 (Windows NT 6.1; Win64; x64; rv:61.0) Gecko/20100101 Firefox/61.0"
10.8.0.41 - - [27/Jul/2018:22:09:00 +0300] "GET /s/a2075708469007add0f1bbdf498690b1-CDN/ru_RU/7109/9af699845080e5027a80c674ed9e6d30a44ff7e8/5.10.1/_/download/batch/com.atlassian.auiplugin:aui-buttons/com.atlassian.auiplugin:aui-buttons.css HTTP/1.1" 200 1731 "http://jira.npovs.icl.kazan.ru/" "Mozilla/5.0 (Windows NT 6.1; Win64; x64; rv:61.0) Gecko/20100101 Firefox/61.0"
192.168.218.13 - - [27/Jul/2018:22:09:00 +0300] "GET /rest/capabilities/navigation?lang=ru-RU HTTP/1.1" 200 405 "-" "FishEye-4.0.3 (4000003)"
192.168.218.13 - - [27/Jul/2018:22:09:00 +0300] "GET /rest/capabilities/navigation?lang=en-GB HTTP/1.1" 200 354 "-" "FishEye-4.0.3 (4000003)"
10.8.0.41 - - [27/Jul/2018:22:09:00 +0300] "GET /s/a2075708469007add0f1bbdf498690b1-CDN/ru_RU/7109/9af699845080e5027a80c674ed9e6d30a44ff7e8/5.10.1/_/download/batch/com.atlassian.auiplugin:aui-navigation/com.atlassian.auiplugin:aui-navigation.css HTTP/1.1" 200 1534 "http://jira.npovs.icl.kazan.ru/" "Mozilla/5.0 (Windows NT 6.1; Win64; x64; rv:61.0) Gecko/20100101 Firefox/61.0"
10.8.0.41 - - [27/Jul/2018:22:09:00 +0300] "GET /s/a2075708469007add0f1bbdf498690b1-CDN/ru_RU/7109/9af699845080e5027a80c674ed9e6d30a44ff7e8/5.10.1/_/download/batch/com.atlassian.auiplugin:aui-experimental-iconfont/com.atlassian.auiplugin:aui-experimental-iconfont.css HTTP/1.1" 200 2426 "http://jira.npovs.icl.kazan.ru/" "Mozilla/5.0 (Windows NT 6.1; Win64; x64; rv:61.0) Gecko/20100101 Firefox/61.0"
10.8.0.41 - - [27/Jul/2018:22:09:00 +0300] "GET /s/a2075708469007add0f1bbdf498690b1-CDN/ru_RU/7109/9af699845080e5027a80c674ed9e6d30a44ff7e8/5.10.1/_/download/batch/com.atlassian.auiplugin:aui-toolbar2/com.atlassian.auiplugin:aui-toolbar2.css HTTP/1.1" 200 328 "http://jira.npovs.icl.kazan.ru/" "Mozilla/5.0 (Windows NT 6.1; Win64; x64; rv:61.0) Gecko/20100101 Firefox/61.0"
10.8.0.41 - - [27/Jul/2018:22:09:00 +0300] "GET /s/ab68e0685eef091517ddfb8a78cfaa62-CDN/ru_RU/7109/9af699845080e5027a80c674ed9e6d30a44ff7e8/5.10.1/_/download/batch/com.atlassian.auiplugin:aui-header-unresponsive/com.atlassian.auiplugin:aui-header-unresponsive.css HTTP/1.1" 200 1525 "http://jira.npovs.icl.kazan.ru/" "Mozilla/5.0 (Windows NT 6.1; Win64; x64; rv:61.0) Gecko/20100101 Firefox/61.0"
10.8.0.41 - - [27/Jul/2018:22:09:00 +0300] "GET /s/a2075708469007add0f1bbdf498690b1-CDN/ru_RU/7109/9af699845080e5027a80c674ed9e6d30a44ff7e8/5.10.1/_/download/batch/com.atlassian.auiplugin:aui-header/com.atlassian.auiplugin:aui-header.css HTTP/1.1" 200 236 "http://jira.npovs.icl.kazan.ru/" "Mozilla/5.0 (Windows NT 6.1; Win64; x64; rv:61.0) Gecko/20100101 Firefox/61.0"
