192.168.17.70 - - [27/Jul/2018:18:14:13 +0300] "POST /synchrony-proxy/sockjs/v1/120/nxbdjnsy/xhr_send?t=1532704663293 HTTP/1.1" 204 0 "http://confluence.npovs.icl.kazan.ru/pages/resumedraft.action?draftId=51708378&draftShareId=d771c3c7-1dd8-49c9-9858-4bc2f3dbe9af" "Mozilla/5.0 (Windows NT 10.0; WOW64; rv:61.0) Gecko/20100101 Firefox/61.0"
192.168.17.70 - - [27/Jul/2018:18:14:13 +0300] "POST /synchrony-proxy/sockjs/v1/120/nxbdjnsy/xhr?t=1532704663272 HTTP/1.1" 200 727 "http://confluence.npovs.icl.kazan.ru/pages/resumedraft.action?draftId=51708378&draftShareId=d771c3c7-1dd8-49c9-9858-4bc2f3dbe9af" "Mozilla/5.0 (Windows NT 10.0; WOW64; rv:61.0) Gecko/20100101 Firefox/61.0"
192.168.17.70 - - [27/Jul/2018:18:14:13 +0300] "POST /synchrony-proxy/sockjs/v1/120/nxbdjnsy/xhr?t=1532704663342 HTTP/1.1" 200 98 "http://confluence.npovs.icl.kazan.ru/pages/resumedraft.action?draftId=51708378&draftShareId=d771c3c7-1dd8-49c9-9858-4bc2f3dbe9af" "Mozilla/5.0 (Windows NT 10.0; WOW64; rv:61.0) Gecko/20100101 Firefox/61.0"
192.168.17.70 - - [27/Jul/2018:18:14:14 +0300] "POST /synchrony-proxy/sockjs/v1/120/nxbdjnsy/xhr_send?t=1532704663433 HTTP/1.1" 204 0 "http://confluence.npovs.icl.kazan.ru/pages/resumedraft.action?draftId=51708378&draftShareId=d771c3c7-1dd8-49c9-9858-4bc2f3dbe9af" "Mozilla/5.0 (Windows NT 10.0; WOW64; rv:61.0) Gecko/20100101 Firefox/61.0"
192.168.17.70 - - [27/Jul/2018:18:14:14 +0300] "POST /synchrony-proxy/sockjs/v1/120/nxbdjnsy/xhr?t=1532704663458 HTTP/1.1" 200 28 "http://confluence.npovs.icl.kazan.ru/pages/resumedraft.action?draftId=51708378&draftShareId=d771c3c7-1dd8-49c9-9858-4bc2f3dbe9af" "Mozilla/5.0 (Windows NT 10.0; WOW64; rv:61.0) Gecko/20100101 Firefox/61.0"
192.168.17.70 - - [27/Jul/2018:18:14:14 +0300] "POST /synchrony-proxy/sockjs/v1/120/nxbdjnsy/xhr?t=1532704663500 HTTP/1.1" 200 29 "http://confluence.npovs.icl.kazan.ru/pages/resumedraft.action?draftId=51708378&draftShareId=d771c3c7-1dd8-49c9-9858-4bc2f3dbe9af" "Mozilla/5.0 (Windows NT 10.0; WOW64; rv:61.0) Gecko/20100101 Firefox/61.0"
192.168.17.70 - - [27/Jul/2018:18:14:14 +0300] "POST /synchrony-proxy/sockjs/v1/120/nxbdjnsy/xhr_send?t=1532704663780 HTTP/1.1" 204 0 "http://confluence.npovs.icl.kazan.ru/pages/resumedraft.action?draftId=51708378&draftShareId=d771c3c7-1dd8-49c9-9858-4bc2f3dbe9af" "Mozilla/5.0 (Windows NT 10.0; WOW64; rv:61.0) Gecko/20100101 Firefox/61.0"
192.168.17.70 - - [27/Jul/2018:18:14:14 +0300] "POST /synchrony-proxy/sockjs/v1/120/nxbdjnsy/xhr?t=1532704663542 HTTP/1.1" 200 29 "http://confluence.npovs.icl.kazan.ru/pages/resumedraft.action?draftId=51708378&draftShareId=d771c3c7-1dd8-49c9-9858-4bc2f3dbe9af" "Mozilla/5.0 (Windows NT 10.0; WOW64; rv:61.0) Gecko/20100101 Firefox/61.0"
192.168.218.116 - - [27/Jul/2018:18:14:14 +0300] "GET /rest/quickreload/latest/51711487?since=1532700064045&_=1532704559535 HTTP/1.1" 204 0 "http://confluence.npovs.icl.kazan.ru/pages/viewpage.action?pageId=51711487" "Mozilla/5.0 (Windows NT 10.0; Win64; x64) AppleWebKit/537.36 (KHTML, like Gecko) Chrome/46.0.2486.0 Safari/537.36 Edge/13.10586"
192.168.17.70 - - [27/Jul/2018:18:14:15 +0300] "PUT /rest/experimental/relation/user/40285a8e47539d6f0147539dbc91018d/collaborator/toContent/51708376?targetStatus=draft HTTP/1.1" 200 39 "http://confluence.npovs.icl.kazan.ru/pages/resumedraft.action?draftId=51708378&draftShareId=d771c3c7-1dd8-49c9-9858-4bc2f3dbe9af" "Mozilla/5.0 (Windows NT 10.0; WOW64; rv:61.0) Gecko/20100101 Firefox/61.0"
192.168.17.70 - - [27/Jul/2018:18:14:15 +0300] "POST /synchrony-proxy/sockjs/v1/120/nxbdjnsy/xhr_send?t=1532704664611 HTTP/1.1" 204 0 "http://confluence.npovs.icl.kazan.ru/pages/resumedraft.action?draftId=51708378&draftShareId=d771c3c7-1dd8-49c9-9858-4bc2f3dbe9af" "Mozilla/5.0 (Windows NT 10.0; WOW64; rv:61.0) Gecko/20100101 Firefox/61.0"
192.168.17.70 - - [27/Jul/2018:18:14:15 +0300] "POST /synchrony-proxy/sockjs/v1/120/nxbdjnsy/xhr?t=1532704663891 HTTP/1.1" 200 367 "http://confluence.npovs.icl.kazan.ru/pages/resumedraft.action?draftId=51708378&draftShareId=d771c3c7-1dd8-49c9-9858-4bc2f3dbe9af" "Mozilla/5.0 (Windows NT 10.0; WOW64; rv:61.0) Gecko/20100101 Firefox/61.0"
192.168.17.70 - - [27/Jul/2018:18:14:15 +0300] "POST /synchrony-proxy/sockjs/v1/120/nxbdjnsy/xhr_send?t=1532704664648 HTTP/1.1" 204 0 "http://confluence.npovs.icl.kazan.ru/pages/resumedraft.action?draftId=51708378&draftShareId=d771c3c7-1dd8-49c9-9858-4bc2f3dbe9af" "Mozilla/5.0 (Windows NT 10.0; WOW64; rv:61.0) Gecko/20100101 Firefox/61.0"
192.168.17.70 - - [27/Jul/2018:18:14:15 +0300] "POST /synchrony-proxy/sockjs/v1/120/nxbdjnsy/xhr?t=1532704664647 HTTP/1.1" 200 29 "http://confluence.npovs.icl.kazan.ru/pages/resumedraft.action?draftId=51708378&draftShareId=d771c3c7-1dd8-49c9-9858-4bc2f3dbe9af" "Mozilla/5.0 (Windows NT 10.0; WOW64; rv:61.0) Gecko/20100101 Firefox/61.0"
192.168.17.70 - - [27/Jul/2018:18:14:16 +0300] "POST /json/startheartbeatactivity.action HTTP/1.1" 200 377 "http://confluence.npovs.icl.kazan.ru/pages/resumedraft.action?draftId=51708378&draftShareId=d771c3c7-1dd8-49c9-9858-4bc2f3dbe9af" "Mozilla/5.0 (Windows NT 10.0; WOW64; rv:61.0) Gecko/20100101 Firefox/61.0"
192.168.17.70 - - [27/Jul/2018:18:14:16 +0300] "POST /synchrony-proxy/sockjs/v1/120/nxbdjnsy/xhr?t=1532704664719 HTTP/1.1" 200 522 "http://confluence.npovs.icl.kazan.ru/pages/resumedraft.action?draftId=51708378&draftShareId=d771c3c7-1dd8-49c9-9858-4bc2f3dbe9af" "Mozilla/5.0 (Windows NT 10.0; WOW64; rv:61.0) Gecko/20100101 Firefox/61.0"
192.168.17.70 - - [27/Jul/2018:18:14:16 +0300] "PUT /rest/api/content/51708376?status=draft HTTP/1.1" 200 2680 "http://confluence.npovs.icl.kazan.ru/pages/resumedraft.action?draftId=51708378&draftShareId=d771c3c7-1dd8-49c9-9858-4bc2f3dbe9af" "Mozilla/5.0 (Windows NT 10.0; WOW64; rv:61.0) Gecko/20100101 Firefox/61.0"
192.168.17.70 - - [27/Jul/2018:18:14:16 +0300] "POST /json/stopheartbeatactivity.action HTTP/1.1" 200 41 "http://confluence.npovs.icl.kazan.ru/pages/resumedraft.action?draftId=51708378&draftShareId=d771c3c7-1dd8-49c9-9858-4bc2f3dbe9af" "Mozilla/5.0 (Windows NT 10.0; WOW64; rv:61.0) Gecko/20100101 Firefox/61.0"
192.168.17.70 - - [27/Jul/2018:18:14:16 +0300] "POST /synchrony-proxy/sockjs/v1/120/nxbdjnsy/xhr?t=1532704666266 HTTP/1.1" 499 0 "http://confluence.npovs.icl.kazan.ru/pages/resumedraft.action?draftId=51708378&draftShareId=d771c3c7-1dd8-49c9-9858-4bc2f3dbe9af" "Mozilla/5.0 (Windows NT 10.0; WOW64; rv:61.0) Gecko/20100101 Firefox/61.0"
192.168.17.70 - - [27/Jul/2018:18:14:17 +0300] "GET /pages/viewpage.action?pageId=51708376 HTTP/1.1" 200 14310 "http://confluence.npovs.icl.kazan.ru/pages/resumedraft.action?draftId=51708378&draftShareId=d771c3c7-1dd8-49c9-9858-4bc2f3dbe9af" "Mozilla/5.0 (Windows NT 10.0; WOW64; rv:61.0) Gecko/20100101 Firefox/61.0"
192.168.17.70 - - [27/Jul/2018:18:14:17 +0300] "GET /rest/helptips/1.0/tips HTTP/1.1" 200 39 "http://confluence.npovs.icl.kazan.ru/pages/viewpage.action?pageId=51708376" "Mozilla/5.0 (Windows NT 10.0; WOW64; rv:61.0) Gecko/20100101 Firefox/61.0"
192.168.17.70 - - [27/Jul/2018:18:14:17 +0300] "POST /rest/webResources/1.0/resources HTTP/1.1" 200 422 "http://confluence.npovs.icl.kazan.ru/pages/viewpage.action?pageId=51708376" "Mozilla/5.0 (Windows NT 10.0; WOW64; rv:61.0) Gecko/20100101 Firefox/61.0"
192.168.17.70 - - [27/Jul/2018:18:14:17 +0300] "GET /download/resources/fr.spectrumgroupe.confluence.plugins.glossary:check-term-definition-resources/images/glossary-16-sidebar.png HTTP/1.1" 200 1402 "http://confluence.npovs.icl.kazan.ru/pages/viewpage.action?pageId=51708376" "Mozilla/5.0 (Windows NT 10.0; WOW64; rv:61.0) Gecko/20100101 Firefox/61.0"
192.168.17.70 - - [27/Jul/2018:18:14:17 +0300] "GET /rest/jira-metadata/1.0/metadata/aggregate?pageId=51708376&_=1532704666892 HTTP/1.1" 200 83 "http://confluence.npovs.icl.kazan.ru/pages/viewpage.action?pageId=51708376" "Mozilla/5.0 (Windows NT 10.0; WOW64; rv:61.0) Gecko/20100101 Firefox/61.0"
192.168.17.70 - - [27/Jul/2018:18:14:17 +0300] "GET /plugins/pagetree/naturalchildren.action?decorator=none&excerpt=false&sort=position&reverse=false&disableLinks=false&expandCurrent=true&hasRoot=true&pageId=50266149&treeId=0&startDepth=0&mobile=false&ancestors=50269518&ancestors=50266149&treePageId=51708376 HTTP/1.1" 200 1755 "http://confluence.npovs.icl.kazan.ru/pages/viewpage.action?pageId=51708376" "Mozilla/5.0 (Windows NT 10.0; WOW64; rv:61.0) Gecko/20100101 Firefox/61.0"
192.168.17.70 - - [27/Jul/2018:18:14:17 +0300] "GET /rest/likes/1.0/content/51708376/likes?commentLikes=true&_=1532704666912 HTTP/1.1" 200 108 "http://confluence.npovs.icl.kazan.ru/pages/viewpage.action?pageId=51708376" "Mozilla/5.0 (Windows NT 10.0; WOW64; rv:61.0) Gecko/20100101 Firefox/61.0"
192.168.17.70 - - [27/Jul/2018:18:14:17 +0300] "GET /rest/highlighting/1.0/panel-items?pageId=51708376&_=1532704666922 HTTP/1.1" 200 277 "http://confluence.npovs.icl.kazan.ru/pages/viewpage.action?pageId=51708376" "Mozilla/5.0 (Windows NT 10.0; WOW64; rv:61.0) Gecko/20100101 Firefox/61.0"
192.168.17.70 - - [27/Jul/2018:18:14:17 +0300] "GET /rest/menu/latest/appswitcher?_=1532704666949 HTTP/1.1" 200 292 "http://confluence.npovs.icl.kazan.ru/pages/viewpage.action?pageId=51708376" "Mozilla/5.0 (Windows NT 10.0; WOW64; rv:61.0) Gecko/20100101 Firefox/61.0"
192.168.17.70 - - [27/Jul/2018:18:14:17 +0300] "GET /rest/mywork/latest/status/notification/count?pageid=51708376&_=1532704666954 HTTP/1.1" 200 67 "http://confluence.npovs.icl.kazan.ru/pages/viewpage.action?pageId=51708376" "Mozilla/5.0 (Windows NT 10.0; WOW64; rv:61.0) Gecko/20100101 Firefox/61.0"
192.168.17.70 - - [27/Jul/2018:18:14:17 +0300] "GET /rest/inlinecomments/1.0/comments?containerId=51708376&_=1532704667119 HTTP/1.1" 200 39 "http://confluence.npovs.icl.kazan.ru/pages/viewpage.action?pageId=51708376" "Mozilla/5.0 (Windows NT 10.0; WOW64; rv:61.0) Gecko/20100101 Firefox/61.0"
192.168.17.70 - - [27/Jul/2018:18:14:17 +0300] "GET /plugins/editor-loader/editor.action?parentPageId=50269518&pageId=51708376&spaceKey=LIBRARY&atl_after_login_redirect=%2Fpages%2Fviewpage.action&timeout=12000&_=1532704667132 HTTP/1.1" 200 8827 "http://confluence.npovs.icl.kazan.ru/pages/viewpage.action?pageId=51708376" "Mozilla/5.0 (Windows NT 10.0; WOW64; rv:61.0) Gecko/20100101 Firefox/61.0"
192.168.17.70 - - [27/Jul/2018:18:14:17 +0300] "GET /rest/watch-button/1.0/watchState/51708376?_=1532704667141 HTTP/1.1" 200 96 "http://confluence.npovs.icl.kazan.ru/pages/viewpage.action?pageId=51708376" "Mozilla/5.0 (Windows NT 10.0; WOW64; rv:61.0) Gecko/20100101 Firefox/61.0"
192.168.17.70 - - [27/Jul/2018:18:14:17 +0300] "POST /rest/webResources/1.0/resources HTTP/1.1" 200 812 "http://confluence.npovs.icl.kazan.ru/pages/viewpage.action?pageId=51708376" "Mozilla/5.0 (Windows NT 10.0; WOW64; rv:61.0) Gecko/20100101 Firefox/61.0"
192.168.17.70 - - [27/Jul/2018:18:14:18 +0300] "GET /rest/contact-list/1.0/settings/mentionCharacter?_=1532704667518 HTTP/1.1" 200 38 "http://confluence.npovs.icl.kazan.ru/pages/viewpage.action?pageId=51708376" "Mozilla/5.0 (Windows NT 10.0; WOW64; rv:61.0) Gecko/20100101 Firefox/61.0"
192.168.17.70 - - [27/Jul/2018:18:14:18 +0300] "GET /rest/prototype/1/i18n/com.eckelmann.confluence.crmcontactlist?locale=ru_RU&_=1532704667578 HTTP/1.1" 200 4206 "http://confluence.npovs.icl.kazan.ru/pages/viewpage.action?pageId=51708376" "Mozilla/5.0 (Windows NT 10.0; WOW64; rv:61.0) Gecko/20100101 Firefox/61.0"
192.168.17.70 - - [27/Jul/2018:18:14:18 +0300] "GET /rest/calendar-services/1.0/tips?_=1532704667601 HTTP/1.1" 200 39 "http://confluence.npovs.icl.kazan.ru/pages/viewpage.action?pageId=51708376" "Mozilla/5.0 (Windows NT 10.0; WOW64; rv:61.0) Gecko/20100101 Firefox/61.0"
192.168.17.70 - - [27/Jul/2018:18:14:18 +0300] "GET /rest/gliffy/1.0/properties/com.gliffy.integration.confluence.ANALYTICS_OFF?_=1532704667617 HTTP/1.1" 200 93 "http://confluence.npovs.icl.kazan.ru/pages/viewpage.action?pageId=51708376" "Mozilla/5.0 (Windows NT 10.0; WOW64; rv:61.0) Gecko/20100101 Firefox/61.0"
192.168.17.70 - - [27/Jul/2018:18:14:18 +0300] "GET /synchrony/resources/js/vendor/sockjs.min.js HTTP/1.1" 404 10446 "http://confluence.npovs.icl.kazan.ru/pages/viewpage.action?pageId=51708376" "Mozilla/5.0 (Windows NT 10.0; WOW64; rv:61.0) Gecko/20100101 Firefox/61.0"
192.168.17.70 - - [27/Jul/2018:18:14:18 +0300] "POST /rest/analytics/1.0/publish/bulk HTTP/1.1" 200 36 "http://confluence.npovs.icl.kazan.ru/pages/viewpage.action?pageId=51708376" "Mozilla/5.0 (Windows NT 10.0; WOW64; rv:61.0) Gecko/20100101 Firefox/61.0"
192.168.17.70 - - [27/Jul/2018:18:14:18 +0300] "POST /rest/webResources/1.0/resources HTTP/1.1" 200 530 "http://confluence.npovs.icl.kazan.ru/pages/viewpage.action?pageId=51708376" "Mozilla/5.0 (Windows NT 10.0; WOW64; rv:61.0) Gecko/20100101 Firefox/61.0"
192.168.17.70 - - [27/Jul/2018:18:14:18 +0300] "POST /synchrony-proxy/v1/data/Synchrony-59dde0ff-5e69-3c41-8204-7dfd11be1a84/confluence-51708376?state-at=@head&state-format=type-tagged&rewrite-request=true&cached=true HTTP/1.1" 200 998 "http://confluence.npovs.icl.kazan.ru/pages/viewpage.action?pageId=51708376" "Mozilla/5.0 (Windows NT 10.0; WOW64; rv:61.0) Gecko/20100101 Firefox/61.0"
192.168.17.70 - - [27/Jul/2018:18:14:20 +0300] "POST /rest/analytics/1.0/publish/bulk HTTP/1.1" 200 36 "http://confluence.npovs.icl.kazan.ru/pages/viewpage.action?pageId=51711953" "Mozilla/5.0 (Windows NT 10.0; WOW64; rv:61.0) Gecko/20100101 Firefox/61.0"
192.168.167.118 - - [27/Jul/2018:18:14:36 +0300] "GET /rest/quickreload/latest/51710130?since=1532704292889&_=1532704642035 HTTP/1.1" 204 0 "http://confluence.npovs.icl.kazan.ru/pages/viewpage.action?pageId=51710130" "Mozilla/5.0 (Windows NT 10.0; Win64; x64) AppleWebKit/537.36 (KHTML, like Gecko) Chrome/67.0.3396.99 Safari/537.36"
192.168.167.118 - - [27/Jul/2018:18:14:48 +0300] "GET /rest/quickreload/latest/38765008?since=1532703959416&_=1532704654154 HTTP/1.1" 204 0 "http://confluence.npovs.icl.kazan.ru/pages/viewpage.action?pageId=38765008" "Mozilla/5.0 (Windows NT 10.0; Win64; x64) AppleWebKit/537.36 (KHTML, like Gecko) Chrome/67.0.3396.99 Safari/537.36"
192.168.218.125 - - [27/Jul/2018:18:14:52 +0300] "GET / HTTP/1.1" 200 35491 "-" "Zabbix"
192.168.218.13 - - [27/Jul/2018:18:14:55 +0300] "GET /rest/capabilities HTTP/1.1" 200 434 "-" "FishEye-4.0.3 (4000003)"
192.168.17.55 - - [27/Jul/2018:18:15:02 +0300] "GET /rest/quickreload/latest/24186760?since=1532694752499&_=1532704661152 HTTP/1.1" 200 82 "http://confluence.npovs.icl.kazan.ru/pages/viewpage.action?pageId=24186760&preview=/24186760/51711509/%D0%A1%D0%BB%D1%83%D0%B6%D0%B5%D0%B1%D0%BA%D0%B0%20%D0%BD%D0%B0%20%D0%BE%D1%84%D0%BE%D1%80%D0%BC%D0%BB%D0%B5%D0%BD%D0%B8%D0%B5%20%D1%84%D0%BE%D1%80%D0%BC%D1%8B.dotx" "Mozilla/5.0 (Windows NT 6.1; Win64; x64) AppleWebKit/537.36 (KHTML, like Gecko) Chrome/67.0.3396.99 Safari/537.36"
192.168.167.118 - - [27/Jul/2018:18:15:06 +0300] "GET /rest/quickreload/latest/51710130?since=1532704292889&_=1532704672628 HTTP/1.1" 204 0 "http://confluence.npovs.icl.kazan.ru/pages/viewpage.action?pageId=51710130" "Mozilla/5.0 (Windows NT 10.0; Win64; x64) AppleWebKit/537.36 (KHTML, like Gecko) Chrome/67.0.3396.99 Safari/537.36"
192.168.218.13 - - [27/Jul/2018:18:15:10 +0300] "GET /rest/capabilities/navigation?lang=ru-RU HTTP/1.1" 200 405 "-" "FishEye-4.0.3 (4000003)"
192.168.218.13 - - [27/Jul/2018:18:15:10 +0300] "GET /rest/capabilities/navigation?lang=en-GB HTTP/1.1" 200 354 "-" "FishEye-4.0.3 (4000003)"
192.168.167.118 - - [27/Jul/2018:18:15:18 +0300] "GET /rest/quickreload/latest/38765008?since=1532703959416&_=1532704684642 HTTP/1.1" 204 0 "http://confluence.npovs.icl.kazan.ru/pages/viewpage.action?pageId=38765008" "Mozilla/5.0 (Windows NT 10.0; Win64; x64) AppleWebKit/537.36 (KHTML, like Gecko) Chrome/67.0.3396.99 Safari/537.36"
192.168.218.116 - - [27/Jul/2018:18:15:35 +0300] "GET /rest/mywork/latest/status/notification/count?_=1532704640200 HTTP/1.1" 200 69 "http://confluence.npovs.icl.kazan.ru/pages/viewpage.action?pageId=51711487" "Mozilla/5.0 (Windows NT 10.0; Win64; x64) AppleWebKit/537.36 (KHTML, like Gecko) Chrome/46.0.2486.0 Safari/537.36 Edge/13.10586"
192.168.218.125 - - [27/Jul/2018:18:15:53 +0300] "GET / HTTP/1.1" 200 35492 "-" "Zabbix"
192.168.167.118 - - [27/Jul/2018:18:16:37 +0300] "GET /rest/quickreload/latest/51710130?since=1532704292889&_=1532704763628 HTTP/1.1" 204 0 "http://confluence.npovs.icl.kazan.ru/pages/viewpage.action?pageId=51710130" "Mozilla/5.0 (Windows NT 10.0; Win64; x64) AppleWebKit/537.36 (KHTML, like Gecko) Chrome/67.0.3396.99 Safari/537.36"
192.168.167.118 - - [27/Jul/2018:18:16:49 +0300] "GET /rest/quickreload/latest/38765008?since=1532703959416&_=1532704775626 HTTP/1.1" 204 0 "http://confluence.npovs.icl.kazan.ru/pages/viewpage.action?pageId=38765008" "Mozilla/5.0 (Windows NT 10.0; Win64; x64) AppleWebKit/537.36 (KHTML, like Gecko) Chrome/67.0.3396.99 Safari/537.36"
192.168.218.125 - - [27/Jul/2018:18:16:53 +0300] "GET / HTTP/1.1" 200 35492 "-" "Zabbix"
192.168.218.10 - - [27/Jul/2018:18:17:06 +0300] "GET /rest/gadgets/1.0/g/com.atlassian.confluence.plugins.gadgets:gadget-search/gadgets/gadget-search.xml HTTP/1.1" 200 4676 "-" "Apache-HttpClient/4.5.3 (Java/1.8.0_102)"
192.168.218.10 - - [27/Jul/2018:18:17:06 +0300] "GET /rest/gadgets/1.0/g/messagebundle/und/gadget.common%2Cgadget.quicknav HTTP/1.1" 200 2463 "-" "Apache-HttpClient/4.5.3 (Java/1.8.0_102)"
192.168.218.10 - - [27/Jul/2018:18:17:06 +0300] "GET /rest/gadgets/1.0/g/messagebundle/ru_RU/gadget.common%2Cgadget.quicknav HTTP/1.1" 200 3791 "-" "Apache-HttpClient/4.5.3 (Java/1.8.0_102)"
192.168.218.125 - - [27/Jul/2018:18:17:54 +0300] "GET / HTTP/1.1" 200 35491 "-" "Zabbix"
192.168.217.89 - - [27/Jul/2018:18:17:55 +0300] "GET /rest/mywork/latest/status/notification/count?_=1532704763523 HTTP/1.1" 401 115 "http://confluence.npovs.icl.kazan.ru/pages/viewpage.action?pageId=51712763" "Mozilla/5.0 (Windows NT 10.0; Win64; x64) AppleWebKit/537.36 (KHTML, like Gecko) Chrome/67.0.3396.99 Safari/537.36"
192.168.17.55 - - [27/Jul/2018:18:18:08 +0300] "GET /rest/mywork/latest/status/notification/count?_=1532704847064 HTTP/1.1" 200 68 "http://confluence.npovs.icl.kazan.ru/pages/viewpage.action?pageId=51710130" "Mozilla/5.0 (Windows NT 6.1; Win64; x64) AppleWebKit/537.36 (KHTML, like Gecko) Chrome/67.0.3396.99 Safari/537.36"
192.168.17.55 - - [27/Jul/2018:18:18:10 +0300] "GET /rest/mywork/latest/status/notification/count?_=1532704849064 HTTP/1.1" 200 68 "http://confluence.npovs.icl.kazan.ru/pages/viewpage.action?pageId=51710130" "Mozilla/5.0 (Windows NT 6.1; Win64; x64) AppleWebKit/537.36 (KHTML, like Gecko) Chrome/67.0.3396.99 Safari/537.36"
192.168.167.118 - - [27/Jul/2018:18:18:20 +0300] "GET /rest/quickreload/latest/38765008?since=1532703959416&_=1532704866627 HTTP/1.1" 204 0 "http://confluence.npovs.icl.kazan.ru/pages/viewpage.action?pageId=38765008" "Mozilla/5.0 (Windows NT 10.0; Win64; x64) AppleWebKit/537.36 (KHTML, like Gecko) Chrome/67.0.3396.99 Safari/537.36"
192.168.17.55 - - [27/Jul/2018:18:18:44 +0300] "GET /rest/mywork/latest/status/notification/count?_=1532704883590 HTTP/1.1" 200 68 "http://confluence.npovs.icl.kazan.ru/pages/viewpage.action?pageId=24186760&preview=/24186760/51711509/%D0%A1%D0%BB%D1%83%D0%B6%D0%B5%D0%B1%D0%BA%D0%B0%20%D0%BD%D0%B0%20%D0%BE%D1%84%D0%BE%D1%80%D0%BC%D0%BB%D0%B5%D0%BD%D0%B8%D0%B5%20%D1%84%D0%BE%D1%80%D0%BC%D1%8B.dotx" "Mozilla/5.0 (Windows NT 6.1; Win64; x64) AppleWebKit/537.36 (KHTML, like Gecko) Chrome/67.0.3396.99 Safari/537.36"
192.168.218.125 - - [27/Jul/2018:18:18:54 +0300] "GET / HTTP/1.1" 200 35491 "-" "Zabbix"
192.168.218.116 - - [27/Jul/2018:18:19:24 +0300] "GET /rest/quickreload/latest/24188806?since=1532698997669&_=1532704869690 HTTP/1.1" 204 0 "http://confluence.npovs.icl.kazan.ru/pages/viewpage.action?pageId=24188806" "Mozilla/5.0 (Windows NT 10.0; Win64; x64) AppleWebKit/537.36 (KHTML, like Gecko) Chrome/67.0.3396.87 Safari/537.36"
192.168.167.118 - - [27/Jul/2018:18:19:38 +0300] "GET /rest/quickreload/latest/51710130?since=1532704292889&_=1532704944628 HTTP/1.1" 204 0 "http://confluence.npovs.icl.kazan.ru/pages/viewpage.action?pageId=51710130" "Mozilla/5.0 (Windows NT 10.0; Win64; x64) AppleWebKit/537.36 (KHTML, like Gecko) Chrome/67.0.3396.99 Safari/537.36"
192.168.218.125 - - [27/Jul/2018:18:19:53 +0300] "GET / HTTP/1.1" 200 35492 "-" "Zabbix"
192.168.218.116 - - [27/Jul/2018:18:20:35 +0300] "GET /rest/mywork/latest/status/notification/count?_=1532704940203 HTTP/1.1" 200 69 "http://confluence.npovs.icl.kazan.ru/pages/viewpage.action?pageId=51711487" "Mozilla/5.0 (Windows NT 10.0; Win64; x64) AppleWebKit/537.36 (KHTML, like Gecko) Chrome/46.0.2486.0 Safari/537.36 Edge/13.10586"
192.168.168.192 - - [27/Jul/2018:18:20:52 +0300] "GET /rest/quickreload/latest/17104917?since=1532701251086&_=1532705178531 HTTP/1.1" 204 0 "http://confluence.npovs.icl.kazan.ru/pages/viewpage.action?pageId=17104917" "Mozilla/5.0 (Windows NT 6.1) AppleWebKit/537.36 (KHTML, like Gecko) Chrome/63.0.3239.84 Safari/537.36"
192.168.218.125 - - [27/Jul/2018:18:20:55 +0300] "GET / HTTP/1.1" 200 35491 "-" "Zabbix"
192.168.17.55 - - [27/Jul/2018:18:20:58 +0300] "GET /rest/calendar-services/1.0/calendar/export/subcalendar/private/1a52d31ae4fbc2931ffcf2eaa0b598aca4c3a7c0.ics HTTP/1.1" 200 56041 "-" "Microsoft Office/15.0 (Windows NT 6.1; Microsoft Outlook 15.0.5031; Pro)"
192.168.167.118 - - [27/Jul/2018:18:21:21 +0300] "GET /rest/quickreload/latest/38765008?since=1532703959416&_=1532705047628 HTTP/1.1" 204 0 "http://confluence.npovs.icl.kazan.ru/pages/viewpage.action?pageId=38765008" "Mozilla/5.0 (Windows NT 10.0; Win64; x64) AppleWebKit/537.36 (KHTML, like Gecko) Chrome/67.0.3396.99 Safari/537.36"
192.168.218.125 - - [27/Jul/2018:18:21:55 +0300] "GET / HTTP/1.1" 200 35491 "-" "Zabbix"
192.168.218.10 - - [27/Jul/2018:18:22:08 +0300] "GET /rest/gadgets/1.0/g/com.atlassian.confluence.plugins.gadgets:gadget-search/gadgets/gadget-search.xml HTTP/1.1" 200 4676 "-" "Apache-HttpClient/4.5.3 (Java/1.8.0_102)"
192.168.218.10 - - [27/Jul/2018:18:22:08 +0300] "GET /rest/gadgets/1.0/g/messagebundle/und/gadget.common%2Cgadget.quicknav HTTP/1.1" 200 2463 "-" "Apache-HttpClient/4.5.3 (Java/1.8.0_102)"
192.168.218.10 - - [27/Jul/2018:18:22:08 +0300] "GET /rest/gadgets/1.0/g/messagebundle/ru_RU/gadget.common%2Cgadget.quicknav HTTP/1.1" 200 3791 "-" "Apache-HttpClient/4.5.3 (Java/1.8.0_102)"
192.168.217.89 - - [27/Jul/2018:18:22:55 +0300] "GET /rest/mywork/latest/status/notification/count?_=1532705063526 HTTP/1.1" 401 115 "http://confluence.npovs.icl.kazan.ru/pages/viewpage.action?pageId=51712763" "Mozilla/5.0 (Windows NT 10.0; Win64; x64) AppleWebKit/537.36 (KHTML, like Gecko) Chrome/67.0.3396.99 Safari/537.36"
192.168.218.125 - - [27/Jul/2018:18:22:56 +0300] "GET / HTTP/1.1" 200 35491 "-" "Zabbix"
192.168.17.55 - - [27/Jul/2018:18:23:09 +0300] "GET /rest/mywork/latest/status/notification/count?_=1532705148067 HTTP/1.1" 200 68 "http://confluence.npovs.icl.kazan.ru/pages/viewpage.action?pageId=51710130" "Mozilla/5.0 (Windows NT 6.1; Win64; x64) AppleWebKit/537.36 (KHTML, like Gecko) Chrome/67.0.3396.99 Safari/537.36"
192.168.17.55 - - [27/Jul/2018:18:23:11 +0300] "GET /rest/mywork/latest/status/notification/count?_=1532705150067 HTTP/1.1" 200 68 "http://confluence.npovs.icl.kazan.ru/pages/viewpage.action?pageId=51710130" "Mozilla/5.0 (Windows NT 6.1; Win64; x64) AppleWebKit/537.36 (KHTML, like Gecko) Chrome/67.0.3396.99 Safari/537.36"
192.168.17.55 - - [27/Jul/2018:18:23:42 +0300] "GET /rest/quickreload/latest/51710130?since=1532675298597&_=1532705181068 HTTP/1.1" 204 0 "http://confluence.npovs.icl.kazan.ru/pages/viewpage.action?pageId=51710130" "Mozilla/5.0 (Windows NT 6.1; Win64; x64) AppleWebKit/537.36 (KHTML, like Gecko) Chrome/67.0.3396.99 Safari/537.36"
192.168.17.55 - - [27/Jul/2018:18:23:44 +0300] "GET /rest/mywork/latest/status/notification/count?_=1532705183595 HTTP/1.1" 200 68 "http://confluence.npovs.icl.kazan.ru/pages/viewpage.action?pageId=24186760&preview=/24186760/51711509/%D0%A1%D0%BB%D1%83%D0%B6%D0%B5%D0%B1%D0%BA%D0%B0%20%D0%BD%D0%B0%20%D0%BE%D1%84%D0%BE%D1%80%D0%BC%D0%BB%D0%B5%D0%BD%D0%B8%D0%B5%20%D1%84%D0%BE%D1%80%D0%BC%D1%8B.dotx" "Mozilla/5.0 (Windows NT 6.1; Win64; x64) AppleWebKit/537.36 (KHTML, like Gecko) Chrome/67.0.3396.99 Safari/537.36"
192.168.218.125 - - [27/Jul/2018:18:23:56 +0300] "GET / HTTP/1.1" 200 35491 "-" "Zabbix"
192.168.167.118 - - [27/Jul/2018:18:24:09 +0300] "GET /rest/quickreload/latest/51710130?since=1532704292889&_=1532705215629 HTTP/1.1" 204 0 "http://confluence.npovs.icl.kazan.ru/pages/viewpage.action?pageId=51710130" "Mozilla/5.0 (Windows NT 10.0; Win64; x64) AppleWebKit/537.36 (KHTML, like Gecko) Chrome/67.0.3396.99 Safari/537.36"
192.168.217.208 - - [27/Jul/2018:18:24:24 +0300] "GET /rest/quickreload/latest/51710572?since=1532701463747&_=1532705112162 HTTP/1.1" 204 0 "http://confluence.npovs.icl.kazan.ru/pages/viewpage.action?pageId=51710572" "Mozilla/5.0 (Windows NT 10.0; Win64; x64) AppleWebKit/537.36 (KHTML, like Gecko) Chrome/67.0.3396.99 Safari/537.36"
192.168.218.125 - - [27/Jul/2018:18:24:57 +0300] "GET / HTTP/1.1" 200 35491 "-" "Zabbix"
192.168.218.13 - - [27/Jul/2018:18:25:05 +0300] "GET /rest/capabilities HTTP/1.1" 200 434 "-" "FishEye-4.0.3 (4000003)"
192.168.218.13 - - [27/Jul/2018:18:25:20 +0300] "GET /rest/capabilities/navigation?lang=ru-RU HTTP/1.1" 200 405 "-" "FishEye-4.0.3 (4000003)"
192.168.218.13 - - [27/Jul/2018:18:25:20 +0300] "GET /rest/capabilities/navigation?lang=en-GB HTTP/1.1" 200 354 "-" "FishEye-4.0.3 (4000003)"
192.168.218.116 - - [27/Jul/2018:18:25:35 +0300] "GET /rest/mywork/latest/status/notification/count?_=1532705240209 HTTP/1.1" 200 69 "http://confluence.npovs.icl.kazan.ru/pages/viewpage.action?pageId=51711487" "Mozilla/5.0 (Windows NT 10.0; Win64; x64) AppleWebKit/537.36 (KHTML, like Gecko) Chrome/46.0.2486.0 Safari/537.36 Edge/13.10586"
192.168.218.125 - - [27/Jul/2018:18:25:57 +0300] "GET / HTTP/1.1" 200 35491 "-" "Zabbix"
192.168.218.125 - - [27/Jul/2018:18:26:57 +0300] "GET / HTTP/1.1" 200 35491 "-" "Zabbix"
192.168.218.10 - - [27/Jul/2018:18:27:09 +0300] "GET /rest/gadgets/1.0/g/com.atlassian.confluence.plugins.gadgets:gadget-search/gadgets/gadget-search.xml HTTP/1.1" 200 4676 "-" "Apache-HttpClient/4.5.3 (Java/1.8.0_102)"
192.168.218.10 - - [27/Jul/2018:18:27:09 +0300] "GET /rest/gadgets/1.0/g/messagebundle/und/gadget.common%2Cgadget.quicknav HTTP/1.1" 200 2463 "-" "Apache-HttpClient/4.5.3 (Java/1.8.0_102)"
192.168.218.10 - - [27/Jul/2018:18:27:09 +0300] "GET /rest/gadgets/1.0/g/messagebundle/ru_RU/gadget.common%2Cgadget.quicknav HTTP/1.1" 200 3791 "-" "Apache-HttpClient/4.5.3 (Java/1.8.0_102)"
192.168.167.118 - - [27/Jul/2018:18:27:22 +0300] "GET /rest/quickreload/latest/38765008?since=1532703959416&_=1532705408627 HTTP/1.1" 204 0 "http://confluence.npovs.icl.kazan.ru/pages/viewpage.action?pageId=38765008" "Mozilla/5.0 (Windows NT 10.0; Win64; x64) AppleWebKit/537.36 (KHTML, like Gecko) Chrome/67.0.3396.99 Safari/537.36"
192.168.217.89 - - [27/Jul/2018:18:27:55 +0300] "GET /rest/mywork/latest/status/notification/count?_=1532705363528 HTTP/1.1" 401 115 "http://confluence.npovs.icl.kazan.ru/pages/viewpage.action?pageId=51712763" "Mozilla/5.0 (Windows NT 10.0; Win64; x64) AppleWebKit/537.36 (KHTML, like Gecko) Chrome/67.0.3396.99 Safari/537.36"
192.168.218.125 - - [27/Jul/2018:18:27:58 +0300] "GET / HTTP/1.1" 200 35491 "-" "Zabbix"
192.168.17.55 - - [27/Jul/2018:18:28:10 +0300] "GET /rest/mywork/latest/status/notification/count?_=1532705449070 HTTP/1.1" 200 68 "http://confluence.npovs.icl.kazan.ru/pages/viewpage.action?pageId=51710130" "Mozilla/5.0 (Windows NT 6.1; Win64; x64) AppleWebKit/537.36 (KHTML, like Gecko) Chrome/67.0.3396.99 Safari/537.36"
192.168.17.55 - - [27/Jul/2018:18:28:12 +0300] "GET /rest/mywork/latest/status/notification/count?_=1532705451070 HTTP/1.1" 200 68 "http://confluence.npovs.icl.kazan.ru/pages/viewpage.action?pageId=51710130" "Mozilla/5.0 (Windows NT 6.1; Win64; x64) AppleWebKit/537.36 (KHTML, like Gecko) Chrome/67.0.3396.99 Safari/537.36"
192.168.17.55 - - [27/Jul/2018:18:28:44 +0300] "GET /rest/mywork/latest/status/notification/count?_=1532705483599 HTTP/1.1" 200 68 "http://confluence.npovs.icl.kazan.ru/pages/viewpage.action?pageId=24186760&preview=/24186760/51711509/%D0%A1%D0%BB%D1%83%D0%B6%D0%B5%D0%B1%D0%BA%D0%B0%20%D0%BD%D0%B0%20%D0%BE%D1%84%D0%BE%D1%80%D0%BC%D0%BB%D0%B5%D0%BD%D0%B8%D0%B5%20%D1%84%D0%BE%D1%80%D0%BC%D1%8B.dotx" "Mozilla/5.0 (Windows NT 6.1; Win64; x64) AppleWebKit/537.36 (KHTML, like Gecko) Chrome/67.0.3396.99 Safari/537.36"
192.168.218.125 - - [27/Jul/2018:18:28:58 +0300] "GET / HTTP/1.1" 200 35491 "-" "Zabbix"
192.168.218.125 - - [27/Jul/2018:18:29:58 +0300] "GET / HTTP/1.1" 200 35491 "-" "Zabbix"
192.168.218.116 - - [27/Jul/2018:18:30:35 +0300] "GET /rest/mywork/latest/status/notification/count?_=1532705540219 HTTP/1.1" 200 69 "http://confluence.npovs.icl.kazan.ru/pages/viewpage.action?pageId=51711487" "Mozilla/5.0 (Windows NT 10.0; Win64; x64) AppleWebKit/537.36 (KHTML, like Gecko) Chrome/46.0.2486.0 Safari/537.36 Edge/13.10586"
192.168.218.125 - - [27/Jul/2018:18:30:59 +0300] "GET / HTTP/1.1" 200 35491 "-" "Zabbix"
192.168.167.118 - - [27/Jul/2018:18:31:40 +0300] "GET /rest/quickreload/latest/51710130?since=1532704292889&_=1532705666628 HTTP/1.1" 204 0 "http://confluence.npovs.icl.kazan.ru/pages/viewpage.action?pageId=51710130" "Mozilla/5.0 (Windows NT 10.0; Win64; x64) AppleWebKit/537.36 (KHTML, like Gecko) Chrome/67.0.3396.99 Safari/537.36"
192.168.218.125 - - [27/Jul/2018:18:31:59 +0300] "GET / HTTP/1.1" 200 35491 "-" "Zabbix"
192.168.217.89 - - [27/Jul/2018:18:32:55 +0300] "GET /rest/mywork/latest/status/notification/count?_=1532705663528 HTTP/1.1" 401 115 "http://confluence.npovs.icl.kazan.ru/pages/viewpage.action?pageId=51712763" "Mozilla/5.0 (Windows NT 10.0; Win64; x64) AppleWebKit/537.36 (KHTML, like Gecko) Chrome/67.0.3396.99 Safari/537.36"
192.168.218.125 - - [27/Jul/2018:18:32:59 +0300] "GET / HTTP/1.1" 200 35491 "-" "Zabbix"
192.168.17.55 - - [27/Jul/2018:18:33:11 +0300] "GET /rest/mywork/latest/status/notification/count?_=1532705750073 HTTP/1.1" 200 68 "http://confluence.npovs.icl.kazan.ru/pages/viewpage.action?pageId=51710130" "Mozilla/5.0 (Windows NT 6.1; Win64; x64) AppleWebKit/537.36 (KHTML, like Gecko) Chrome/67.0.3396.99 Safari/537.36"
192.168.17.55 - - [27/Jul/2018:18:33:13 +0300] "GET /rest/mywork/latest/status/notification/count?_=1532705752074 HTTP/1.1" 200 68 "http://confluence.npovs.icl.kazan.ru/pages/viewpage.action?pageId=51710130" "Mozilla/5.0 (Windows NT 6.1; Win64; x64) AppleWebKit/537.36 (KHTML, like Gecko) Chrome/67.0.3396.99 Safari/537.36"
192.168.17.55 - - [27/Jul/2018:18:33:44 +0300] "GET /rest/mywork/latest/status/notification/count?_=1532705783605 HTTP/1.1" 200 68 "http://confluence.npovs.icl.kazan.ru/pages/viewpage.action?pageId=24186760&preview=/24186760/51711509/%D0%A1%D0%BB%D1%83%D0%B6%D0%B5%D0%B1%D0%BA%D0%B0%20%D0%BD%D0%B0%20%D0%BE%D1%84%D0%BE%D1%80%D0%BC%D0%BB%D0%B5%D0%BD%D0%B8%D0%B5%20%D1%84%D0%BE%D1%80%D0%BC%D1%8B.dotx" "Mozilla/5.0 (Windows NT 6.1; Win64; x64) AppleWebKit/537.36 (KHTML, like Gecko) Chrome/67.0.3396.99 Safari/537.36"
192.168.17.59 - - [27/Jul/2018:18:33:51 +0300] "GET /rest/quickreload/latest/27788681?since=1532702359442&_=1532705592137 HTTP/1.1" 204 0 "http://confluence.npovs.icl.kazan.ru/pages/viewpage.action?pageId=27788681" "Mozilla/5.0 (Windows NT 6.1; Win64; x64; rv:61.0) Gecko/20100101 Firefox/61.0"
192.168.218.116 - - [27/Jul/2018:18:33:52 +0300] "GET /rest/quickreload/latest/51710130?since=1532676831352&_=1532705737841 HTTP/1.1" 204 0 "http://confluence.npovs.icl.kazan.ru/pages/viewpage.action?pageId=51710130" "Mozilla/5.0 (Windows NT 6.1; WOW64; rv:49.0) Gecko/20100101 Firefox/49.0"
192.168.218.125 - - [27/Jul/2018:18:33:59 +0300] "GET / HTTP/1.1" 200 35497 "-" "Zabbix"
192.168.218.125 - - [27/Jul/2018:18:34:58 +0300] "GET / HTTP/1.1" 200 35492 "-" "Zabbix"
192.168.218.13 - - [27/Jul/2018:18:35:15 +0300] "GET /rest/capabilities HTTP/1.1" 200 434 "-" "FishEye-4.0.3 (4000003)"
192.168.218.13 - - [27/Jul/2018:18:35:30 +0300] "GET /rest/capabilities/navigation?lang=ru-RU HTTP/1.1" 200 405 "-" "FishEye-4.0.3 (4000003)"
192.168.218.13 - - [27/Jul/2018:18:35:30 +0300] "GET /rest/capabilities/navigation?lang=en-GB HTTP/1.1" 200 354 "-" "FishEye-4.0.3 (4000003)"
192.168.218.116 - - [27/Jul/2018:18:35:35 +0300] "GET /rest/mywork/latest/status/notification/count?_=1532705840211 HTTP/1.1" 200 69 "http://confluence.npovs.icl.kazan.ru/pages/viewpage.action?pageId=51711487" "Mozilla/5.0 (Windows NT 10.0; Win64; x64) AppleWebKit/537.36 (KHTML, like Gecko) Chrome/46.0.2486.0 Safari/537.36 Edge/13.10586"
192.168.218.125 - - [27/Jul/2018:18:35:58 +0300] "GET / HTTP/1.1" 200 35491 "-" "Zabbix"
192.168.218.125 - - [27/Jul/2018:18:36:59 +0300] "GET / HTTP/1.1" 200 35491 "-" "Zabbix"
192.168.218.10 - - [27/Jul/2018:18:37:10 +0300] "GET /rest/gadgets/1.0/g/com.atlassian.confluence.plugins.gadgets:gadget-search/gadgets/gadget-search.xml HTTP/1.1" 200 4676 "-" "Apache-HttpClient/4.5.3 (Java/1.8.0_102)"
192.168.218.10 - - [27/Jul/2018:18:37:10 +0300] "GET /rest/gadgets/1.0/g/messagebundle/und/gadget.common%2Cgadget.quicknav HTTP/1.1" 200 2463 "-" "Apache-HttpClient/4.5.3 (Java/1.8.0_102)"
192.168.218.10 - - [27/Jul/2018:18:37:10 +0300] "GET /rest/gadgets/1.0/g/messagebundle/ru_RU/gadget.common%2Cgadget.quicknav HTTP/1.1" 200 3791 "-" "Apache-HttpClient/4.5.3 (Java/1.8.0_102)"
192.168.167.118 - - [27/Jul/2018:18:37:53 +0300] "GET /rest/quickreload/latest/38765008?since=1532703959416&_=1532706039628 HTTP/1.1" 204 0 "http://confluence.npovs.icl.kazan.ru/pages/viewpage.action?pageId=38765008" "Mozilla/5.0 (Windows NT 10.0; Win64; x64) AppleWebKit/537.36 (KHTML, like Gecko) Chrome/67.0.3396.99 Safari/537.36"
192.168.217.89 - - [27/Jul/2018:18:37:55 +0300] "GET /rest/mywork/latest/status/notification/count?_=1532705963530 HTTP/1.1" 401 115 "http://confluence.npovs.icl.kazan.ru/pages/viewpage.action?pageId=51712763" "Mozilla/5.0 (Windows NT 10.0; Win64; x64) AppleWebKit/537.36 (KHTML, like Gecko) Chrome/67.0.3396.99 Safari/537.36"
192.168.218.125 - - [27/Jul/2018:18:37:59 +0300] "GET / HTTP/1.1" 200 35491 "-" "Zabbix"
192.168.17.55 - - [27/Jul/2018:18:38:12 +0300] "GET /rest/mywork/latest/status/notification/count?_=1532706051076 HTTP/1.1" 200 68 "http://confluence.npovs.icl.kazan.ru/pages/viewpage.action?pageId=51710130" "Mozilla/5.0 (Windows NT 6.1; Win64; x64) AppleWebKit/537.36 (KHTML, like Gecko) Chrome/67.0.3396.99 Safari/537.36"
192.168.17.55 - - [27/Jul/2018:18:38:14 +0300] "GET /rest/mywork/latest/status/notification/count?_=1532706053076 HTTP/1.1" 200 68 "http://confluence.npovs.icl.kazan.ru/pages/viewpage.action?pageId=51710130" "Mozilla/5.0 (Windows NT 6.1; Win64; x64) AppleWebKit/537.36 (KHTML, like Gecko) Chrome/67.0.3396.99 Safari/537.36"
192.168.217.246 - - [27/Jul/2018:18:38:37 +0300] "GET /rest/quickreload/latest/51710130?since=1532677109487&_=1532706033922 HTTP/1.1" 204 0 "http://confluence.npovs.icl.kazan.ru/pages/viewpage.action?pageId=51710130" "Mozilla/5.0 (Windows NT 6.1; Win64; x64) AppleWebKit/537.36 (KHTML, like Gecko) Chrome/67.0.3396.87 Safari/537.36"
192.168.17.55 - - [27/Jul/2018:18:38:44 +0300] "GET /rest/mywork/latest/status/notification/count?_=1532706083610 HTTP/1.1" 200 68 "http://confluence.npovs.icl.kazan.ru/pages/viewpage.action?pageId=24186760&preview=/24186760/51711509/%D0%A1%D0%BB%D1%83%D0%B6%D0%B5%D0%B1%D0%BA%D0%B0%20%D0%BD%D0%B0%20%D0%BE%D1%84%D0%BE%D1%80%D0%BC%D0%BB%D0%B5%D0%BD%D0%B8%D0%B5%20%D1%84%D0%BE%D1%80%D0%BC%D1%8B.dotx" "Mozilla/5.0 (Windows NT 6.1; Win64; x64) AppleWebKit/537.36 (KHTML, like Gecko) Chrome/67.0.3396.99 Safari/537.36"
192.168.218.125 - - [27/Jul/2018:18:38:58 +0300] "GET / HTTP/1.1" 200 35497 "-" "Zabbix"
192.168.218.125 - - [27/Jul/2018:18:39:58 +0300] "GET / HTTP/1.1" 200 35492 "-" "Zabbix"
192.168.218.116 - - [27/Jul/2018:18:40:35 +0300] "GET /rest/mywork/latest/status/notification/count?_=1532706140216 HTTP/1.1" 200 69 "http://confluence.npovs.icl.kazan.ru/pages/viewpage.action?pageId=51711487" "Mozilla/5.0 (Windows NT 10.0; Win64; x64) AppleWebKit/537.36 (KHTML, like Gecko) Chrome/46.0.2486.0 Safari/537.36 Edge/13.10586"
192.168.17.50 - - [27/Jul/2018:18:40:56 +0300] "GET /rest/quickreload/latest/36800509?since=1532703535162&_=1532706294217 HTTP/1.1" 204 0 "http://confluence.npovs.icl.kazan.ru/display/iclmed/Backlog" "Mozilla/5.0 (Windows NT 6.3; Win64; x64) AppleWebKit/537.36 (KHTML, like Gecko) Chrome/67.0.3396.99 Safari/537.36"
192.168.17.50 - - [27/Jul/2018:18:40:56 +0300] "GET /rest/quickreload/latest/21955302?since=1532703536150&_=1532706294224 HTTP/1.1" 204 0 "http://confluence.npovs.icl.kazan.ru/pages/viewpage.action?pageId=21955302" "Mozilla/5.0 (Windows NT 6.3; Win64; x64) AppleWebKit/537.36 (KHTML, like Gecko) Chrome/67.0.3396.99 Safari/537.36"
192.168.218.125 - - [27/Jul/2018:18:40:59 +0300] "GET / HTTP/1.1" 200 35491 "-" "Zabbix"
192.168.218.125 - - [27/Jul/2018:18:41:59 +0300] "GET / HTTP/1.1" 200 35491 "-" "Zabbix"
192.168.218.10 - - [27/Jul/2018:18:42:11 +0300] "GET /rest/gadgets/1.0/g/com.atlassian.confluence.plugins.gadgets:gadget-search/gadgets/gadget-search.xml HTTP/1.1" 200 4676 "-" "Apache-HttpClient/4.5.3 (Java/1.8.0_102)"
192.168.218.10 - - [27/Jul/2018:18:42:11 +0300] "GET /rest/gadgets/1.0/g/messagebundle/und/gadget.common%2Cgadget.quicknav HTTP/1.1" 200 2463 "-" "Apache-HttpClient/4.5.3 (Java/1.8.0_102)"
192.168.218.10 - - [27/Jul/2018:18:42:11 +0300] "GET /rest/gadgets/1.0/g/messagebundle/ru_RU/gadget.common%2Cgadget.quicknav HTTP/1.1" 200 3791 "-" "Apache-HttpClient/4.5.3 (Java/1.8.0_102)"
192.168.217.89 - - [27/Jul/2018:18:42:55 +0300] "GET /rest/mywork/latest/status/notification/count?_=1532706263421 HTTP/1.1" 401 115 "http://confluence.npovs.icl.kazan.ru/pages/viewpage.action?pageId=51712763" "Mozilla/5.0 (Windows NT 10.0; Win64; x64) AppleWebKit/537.36 (KHTML, like Gecko) Chrome/67.0.3396.99 Safari/537.36"
192.168.218.125 - - [27/Jul/2018:18:42:59 +0300] "GET / HTTP/1.1" 200 35491 "-" "Zabbix"
192.168.17.55 - - [27/Jul/2018:18:43:13 +0300] "GET /rest/mywork/latest/status/notification/count?_=1532706352079 HTTP/1.1" 200 68 "http://confluence.npovs.icl.kazan.ru/pages/viewpage.action?pageId=51710130" "Mozilla/5.0 (Windows NT 6.1; Win64; x64) AppleWebKit/537.36 (KHTML, like Gecko) Chrome/67.0.3396.99 Safari/537.36"
192.168.17.55 - - [27/Jul/2018:18:43:15 +0300] "GET /rest/mywork/latest/status/notification/count?_=1532706354079 HTTP/1.1" 200 68 "http://confluence.npovs.icl.kazan.ru/pages/viewpage.action?pageId=51710130" "Mozilla/5.0 (Windows NT 6.1; Win64; x64) AppleWebKit/537.36 (KHTML, like Gecko) Chrome/67.0.3396.99 Safari/537.36"
192.168.17.55 - - [27/Jul/2018:18:43:44 +0300] "GET /rest/mywork/latest/status/notification/count?_=1532706383615 HTTP/1.1" 200 68 "http://confluence.npovs.icl.kazan.ru/pages/viewpage.action?pageId=24186760&preview=/24186760/51711509/%D0%A1%D0%BB%D1%83%D0%B6%D0%B5%D0%B1%D0%BA%D0%B0%20%D0%BD%D0%B0%20%D0%BE%D1%84%D0%BE%D1%80%D0%BC%D0%BB%D0%B5%D0%BD%D0%B8%D0%B5%20%D1%84%D0%BE%D1%80%D0%BC%D1%8B.dotx" "Mozilla/5.0 (Windows NT 6.1; Win64; x64) AppleWebKit/537.36 (KHTML, like Gecko) Chrome/67.0.3396.99 Safari/537.36"
192.168.218.125 - - [27/Jul/2018:18:43:58 +0300] "GET / HTTP/1.1" 200 35491 "-" "Zabbix"
192.168.17.50 - - [27/Jul/2018:18:44:47 +0300] "GET /rest/quickreload/latest/50266149?since=1532702686189&_=1532706525218 HTTP/1.1" 204 0 "http://confluence.npovs.icl.kazan.ru/pages/viewpage.action?pageId=50266149" "Mozilla/5.0 (Windows NT 6.3; Win64; x64) AppleWebKit/537.36 (KHTML, like Gecko) Chrome/67.0.3396.99 Safari/537.36"
192.168.218.125 - - [27/Jul/2018:18:44:58 +0300] "GET / HTTP/1.1" 200 35491 "-" "Zabbix"
192.168.167.118 - - [27/Jul/2018:18:45:11 +0300] "GET /rest/quickreload/latest/51710130?since=1532704292889&_=1532706477638 HTTP/1.1" 204 0 "http://confluence.npovs.icl.kazan.ru/pages/viewpage.action?pageId=51710130" "Mozilla/5.0 (Windows NT 10.0; Win64; x64) AppleWebKit/537.36 (KHTML, like Gecko) Chrome/67.0.3396.99 Safari/537.36"
192.168.218.13 - - [27/Jul/2018:18:45:25 +0300] "GET /rest/capabilities HTTP/1.1" 200 434 "-" "FishEye-4.0.3 (4000003)"
192.168.218.116 - - [27/Jul/2018:18:45:35 +0300] "GET /rest/mywork/latest/status/notification/count?_=1532706440223 HTTP/1.1" 200 69 "http://confluence.npovs.icl.kazan.ru/pages/viewpage.action?pageId=51711487" "Mozilla/5.0 (Windows NT 10.0; Win64; x64) AppleWebKit/537.36 (KHTML, like Gecko) Chrome/46.0.2486.0 Safari/537.36 Edge/13.10586"
192.168.218.13 - - [27/Jul/2018:18:45:40 +0300] "GET /rest/capabilities/navigation?lang=ru-RU HTTP/1.1" 200 405 "-" "FishEye-4.0.3 (4000003)"
192.168.218.13 - - [27/Jul/2018:18:45:40 +0300] "GET /rest/capabilities/navigation?lang=en-GB HTTP/1.1" 200 354 "-" "FishEye-4.0.3 (4000003)"
192.168.218.125 - - [27/Jul/2018:18:45:59 +0300] "GET / HTTP/1.1" 200 35491 "-" "Zabbix"
192.168.218.116 - - [27/Jul/2018:18:46:36 +0300] "GET /rest/quickreload/latest/41191239?since=1532699688486&_=1532706501281 HTTP/1.1" 204 0 "http://confluence.npovs.icl.kazan.ru/pages/viewpage.action?pageId=41191239" "Mozilla/5.0 (Windows NT 10.0; Win64; x64) AppleWebKit/537.36 (KHTML, like Gecko) Chrome/46.0.2486.0 Safari/537.36 Edge/13.10586"
192.168.218.125 - - [27/Jul/2018:18:46:59 +0300] "GET / HTTP/1.1" 200 35491 "-" "Zabbix"
192.168.218.10 - - [27/Jul/2018:18:47:12 +0300] "GET /rest/gadgets/1.0/g/com.atlassian.confluence.plugins.gadgets:gadget-search/gadgets/gadget-search.xml HTTP/1.1" 200 4676 "-" "Apache-HttpClient/4.5.3 (Java/1.8.0_102)"
192.168.218.10 - - [27/Jul/2018:18:47:12 +0300] "GET /rest/gadgets/1.0/g/messagebundle/und/gadget.common%2Cgadget.quicknav HTTP/1.1" 200 2463 "-" "Apache-HttpClient/4.5.3 (Java/1.8.0_102)"
192.168.218.10 - - [27/Jul/2018:18:47:12 +0300] "GET /rest/gadgets/1.0/g/messagebundle/ru_RU/gadget.common%2Cgadget.quicknav HTTP/1.1" 200 3791 "-" "Apache-HttpClient/4.5.3 (Java/1.8.0_102)"
192.168.218.116 - - [27/Jul/2018:18:47:18 +0300] "GET /rest/quickreload/latest/51711487?since=1532699965934&_=1532706543652 HTTP/1.1" 204 0 "http://confluence.npovs.icl.kazan.ru/pages/viewpage.action?pageId=51711487" "Mozilla/5.0 (Windows NT 10.0; Win64; x64) AppleWebKit/537.36 (KHTML, like Gecko) Chrome/46.0.2486.0 Safari/537.36 Edge/13.10586"
192.168.217.89 - - [27/Jul/2018:18:47:55 +0300] "GET /rest/mywork/latest/status/notification/count?_=1532706563423 HTTP/1.1" 401 115 "http://confluence.npovs.icl.kazan.ru/pages/viewpage.action?pageId=51712763" "Mozilla/5.0 (Windows NT 10.0; Win64; x64) AppleWebKit/537.36 (KHTML, like Gecko) Chrome/67.0.3396.99 Safari/537.36"
192.168.218.125 - - [27/Jul/2018:18:48:01 +0300] "GET / HTTP/1.1" 200 35491 "-" "Zabbix"
192.168.17.55 - - [27/Jul/2018:18:48:14 +0300] "GET /rest/mywork/latest/status/notification/count?_=1532706653082 HTTP/1.1" 200 68 "http://confluence.npovs.icl.kazan.ru/pages/viewpage.action?pageId=51710130" "Mozilla/5.0 (Windows NT 6.1; Win64; x64) AppleWebKit/537.36 (KHTML, like Gecko) Chrome/67.0.3396.99 Safari/537.36"
192.168.17.55 - - [27/Jul/2018:18:48:16 +0300] "GET /rest/mywork/latest/status/notification/count?_=1532706655082 HTTP/1.1" 200 68 "http://confluence.npovs.icl.kazan.ru/pages/viewpage.action?pageId=51710130" "Mozilla/5.0 (Windows NT 6.1; Win64; x64) AppleWebKit/537.36 (KHTML, like Gecko) Chrome/67.0.3396.99 Safari/537.36"
192.168.17.55 - - [27/Jul/2018:18:48:44 +0300] "GET /rest/mywork/latest/status/notification/count?_=1532706683620 HTTP/1.1" 200 68 "http://confluence.npovs.icl.kazan.ru/pages/viewpage.action?pageId=24186760&preview=/24186760/51711509/%D0%A1%D0%BB%D1%83%D0%B6%D0%B5%D0%B1%D0%BA%D0%B0%20%D0%BD%D0%B0%20%D0%BE%D1%84%D0%BE%D1%80%D0%BC%D0%BB%D0%B5%D0%BD%D0%B8%D0%B5%20%D1%84%D0%BE%D1%80%D0%BC%D1%8B.dotx" "Mozilla/5.0 (Windows NT 6.1; Win64; x64) AppleWebKit/537.36 (KHTML, like Gecko) Chrome/67.0.3396.99 Safari/537.36"
192.168.218.125 - - [27/Jul/2018:18:49:01 +0300] "GET / HTTP/1.1" 200 35491 "-" "Zabbix"
192.168.17.22 - - [27/Jul/2018:18:49:17 +0300] "GET /rest/quickreload/latest/51710130?since=1532689895953&_=1532706648003 HTTP/1.1" 204 0 "http://confluence.npovs.icl.kazan.ru/pages/viewpage.action?pageId=51710130" "Mozilla/5.0 (Windows NT 6.3; Win64; x64) AppleWebKit/537.36 (KHTML, like Gecko) Chrome/65.0.3325.181 Safari/537.36"
192.168.218.125 - - [27/Jul/2018:18:50:01 +0300] "GET / HTTP/1.1" 200 35491 "-" "Zabbix"
192.168.218.116 - - [27/Jul/2018:18:50:35 +0300] "GET /rest/mywork/latest/status/notification/count?_=1532706740235 HTTP/1.1" 200 69 "http://confluence.npovs.icl.kazan.ru/pages/viewpage.action?pageId=51711487" "Mozilla/5.0 (Windows NT 10.0; Win64; x64) AppleWebKit/537.36 (KHTML, like Gecko) Chrome/46.0.2486.0 Safari/537.36 Edge/13.10586"
192.168.168.123 - - [27/Jul/2018:18:50:37 +0300] "GET /rest/quickreload/latest/50267794?since=1532696732927&_=1532706836215 HTTP/1.1" 200 82 "http://confluence.npovs.icl.kazan.ru/pages/viewpage.action?pageId=50267794&preview=%2F50267794%2F50267796%2F%D0%91%D0%9B%D0%90%D0%9D%D0%9A+%D0%9D%D0%9F%D0%9E+%D0%92%D0%A1.doc" "Mozilla/5.0 (Windows NT 6.1; Win64; x64) AppleWebKit/537.36 (KHTML, like Gecko) Chrome/67.0.3396.87 Safari/537.36 OPR/54.0.2952.60"
192.168.218.125 - - [27/Jul/2018:18:51:01 +0300] "GET / HTTP/1.1" 200 35491 "-" "Zabbix"
192.168.17.55 - - [27/Jul/2018:18:51:04 +0300] "GET /rest/calendar-services/1.0/calendar/export/subcalendar/private/1a52d31ae4fbc2931ffcf2eaa0b598aca4c3a7c0.ics HTTP/1.1" 200 56041 "-" "Microsoft Office/15.0 (Windows NT 6.1; Microsoft Outlook 15.0.5031; Pro)"
192.168.218.125 - - [27/Jul/2018:18:52:02 +0300] "GET / HTTP/1.1" 200 35497 "-" "Zabbix"
192.168.217.89 - - [27/Jul/2018:18:52:55 +0300] "GET /rest/mywork/latest/status/notification/count?_=1532706863425 HTTP/1.1" 401 115 "http://confluence.npovs.icl.kazan.ru/pages/viewpage.action?pageId=51712763" "Mozilla/5.0 (Windows NT 10.0; Win64; x64) AppleWebKit/537.36 (KHTML, like Gecko) Chrome/67.0.3396.99 Safari/537.36"
192.168.218.125 - - [27/Jul/2018:18:53:02 +0300] "GET / HTTP/1.1" 200 35491 "-" "Zabbix"
192.168.218.10 - - [27/Jul/2018:18:53:12 +0300] "GET /rest/gadgets/1.0/g/com.atlassian.confluence.plugins.gadgets:gadget-search/gadgets/gadget-search.xml HTTP/1.1" 200 4676 "-" "Apache-HttpClient/4.5.3 (Java/1.8.0_102)"
192.168.218.10 - - [27/Jul/2018:18:53:12 +0300] "GET /rest/gadgets/1.0/g/messagebundle/und/gadget.common%2Cgadget.quicknav HTTP/1.1" 200 2463 "-" "Apache-HttpClient/4.5.3 (Java/1.8.0_102)"
192.168.218.10 - - [27/Jul/2018:18:53:12 +0300] "GET /rest/gadgets/1.0/g/messagebundle/ru_RU/gadget.common%2Cgadget.quicknav HTTP/1.1" 200 3791 "-" "Apache-HttpClient/4.5.3 (Java/1.8.0_102)"
192.168.17.55 - - [27/Jul/2018:18:53:15 +0300] "GET /rest/mywork/latest/status/notification/count?_=1532706954085 HTTP/1.1" 200 68 "http://confluence.npovs.icl.kazan.ru/pages/viewpage.action?pageId=51710130" "Mozilla/5.0 (Windows NT 6.1; Win64; x64) AppleWebKit/537.36 (KHTML, like Gecko) Chrome/67.0.3396.99 Safari/537.36"
192.168.17.55 - - [27/Jul/2018:18:53:17 +0300] "GET /rest/mywork/latest/status/notification/count?_=1532706956086 HTTP/1.1" 200 68 "http://confluence.npovs.icl.kazan.ru/pages/viewpage.action?pageId=51710130" "Mozilla/5.0 (Windows NT 6.1; Win64; x64) AppleWebKit/537.36 (KHTML, like Gecko) Chrome/67.0.3396.99 Safari/537.36"
192.168.17.55 - - [27/Jul/2018:18:53:44 +0300] "GET /rest/mywork/latest/status/notification/count?_=1532706983624 HTTP/1.1" 200 68 "http://confluence.npovs.icl.kazan.ru/pages/viewpage.action?pageId=24186760&preview=/24186760/51711509/%D0%A1%D0%BB%D1%83%D0%B6%D0%B5%D0%B1%D0%BA%D0%B0%20%D0%BD%D0%B0%20%D0%BE%D1%84%D0%BE%D1%80%D0%BC%D0%BB%D0%B5%D0%BD%D0%B8%D0%B5%20%D1%84%D0%BE%D1%80%D0%BC%D1%8B.dotx" "Mozilla/5.0 (Windows NT 6.1; Win64; x64) AppleWebKit/537.36 (KHTML, like Gecko) Chrome/67.0.3396.99 Safari/537.36"
192.168.218.125 - - [27/Jul/2018:18:54:02 +0300] "GET / HTTP/1.1" 200 35491 "-" "Zabbix"
192.168.218.125 - - [27/Jul/2018:18:55:02 +0300] "GET / HTTP/1.1" 200 35491 "-" "Zabbix"
192.168.217.246 - - [27/Jul/2018:18:55:22 +0300] "GET /rest/quickreload/latest/49250783?since=1532699720306&_=1532707038930 HTTP/1.1" 200 82 "http://confluence.npovs.icl.kazan.ru/pages/viewpage.action?pageId=49250783" "Mozilla/5.0 (Windows NT 6.1; Win64; x64) AppleWebKit/537.36 (KHTML, like Gecko) Chrome/67.0.3396.87 Safari/537.36"
192.168.218.116 - - [27/Jul/2018:18:55:35 +0300] "GET /rest/mywork/latest/status/notification/count?_=1532707040233 HTTP/1.1" 200 69 "http://confluence.npovs.icl.kazan.ru/pages/viewpage.action?pageId=51711487" "Mozilla/5.0 (Windows NT 10.0; Win64; x64) AppleWebKit/537.36 (KHTML, like Gecko) Chrome/46.0.2486.0 Safari/537.36 Edge/13.10586"
192.168.218.13 - - [27/Jul/2018:18:55:35 +0300] "GET /rest/capabilities HTTP/1.1" 200 434 "-" "FishEye-4.0.3 (4000003)"
192.168.218.13 - - [27/Jul/2018:18:55:50 +0300] "GET /rest/capabilities/navigation?lang=ru-RU HTTP/1.1" 200 405 "-" "FishEye-4.0.3 (4000003)"
192.168.218.13 - - [27/Jul/2018:18:55:50 +0300] "GET /rest/capabilities/navigation?lang=en-GB HTTP/1.1" 200 354 "-" "FishEye-4.0.3 (4000003)"
192.168.167.118 - - [27/Jul/2018:18:55:54 +0300] "GET /rest/quickreload/latest/38765008?since=1532703959416&_=1532707120629 HTTP/1.1" 204 0 "http://confluence.npovs.icl.kazan.ru/pages/viewpage.action?pageId=38765008" "Mozilla/5.0 (Windows NT 10.0; Win64; x64) AppleWebKit/537.36 (KHTML, like Gecko) Chrome/67.0.3396.99 Safari/537.36"
192.168.218.125 - - [27/Jul/2018:18:56:01 +0300] "GET / HTTP/1.1" 200 35497 "-" "Zabbix"
192.168.218.125 - - [27/Jul/2018:18:57:02 +0300] "GET / HTTP/1.1" 200 35491 "-" "Zabbix"
192.168.217.89 - - [27/Jul/2018:18:57:55 +0300] "GET /rest/mywork/latest/status/notification/count?_=1532707163428 HTTP/1.1" 401 115 "http://confluence.npovs.icl.kazan.ru/pages/viewpage.action?pageId=51712763" "Mozilla/5.0 (Windows NT 10.0; Win64; x64) AppleWebKit/537.36 (KHTML, like Gecko) Chrome/67.0.3396.99 Safari/537.36"
